Archive member included to satisfy reference by file (symbol)

C:/Program Files/SEGGER/SEGGER Embedded Studio for ARM 5.42a/lib/libc_v7em_t_le_eabi.a(libc2.o)
                              Output/Release/Obj/ble_app_blinky_pca10040e_s112/nrf_log_str_formatter.o (isprint)
C:/Program Files/SEGGER/SEGGER Embedded Studio for ARM 5.42a/lib/libc_v7em_t_le_eabi.a(libc2_asm.o)
                              Output/Release/Obj/ble_app_blinky_pca10040e_s112/nrf_log_frontend.o (memcpy)
C:/Program Files/SEGGER/SEGGER Embedded Studio for ARM 5.42a/lib/libc_v7em_t_le_eabi.a(libvfprintf.o)
                              (__vfprintf_long)
C:/Program Files/SEGGER/SEGGER Embedded Studio for ARM 5.42a/lib/libc_v7em_t_le_eabi.a(libvfscanf.o)
                              (__vfscanf_long)
C:/Program Files/SEGGER/SEGGER Embedded Studio for ARM 5.42a/lib/libc_v7em_t_le_eabi.a(libc.o)
                              C:/Program Files/SEGGER/SEGGER Embedded Studio for ARM 5.42a/lib/libc_v7em_t_le_eabi.a(libc2.o) (__heap_lock)
C:/Program Files/SEGGER/SEGGER Embedded Studio for ARM 5.42a/lib/libc_v7em_t_le_eabi.a(libc_asm.o)
                              C:/Program Files/SEGGER/SEGGER Embedded Studio for ARM 5.42a/lib/libc_v7em_t_le_eabi.a(libc2.o) (__aeabi_uldivmod)
C:/Program Files/SEGGER/SEGGER Embedded Studio for ARM 5.42a/lib/libdebugio_v7em_t_le_eabi.a(libdebugio.o)
                              Output/Release/Obj/ble_app_blinky_pca10040e_s112/thumb_crt0.o (debug_fopen)
C:/Program Files/SEGGER/SEGGER Embedded Studio for ARM 5.42a/lib/libdebugio_v7em_t_le_eabi.a(do_nv_debug_operation.o)
                              C:/Program Files/SEGGER/SEGGER Embedded Studio for ARM 5.42a/lib/libdebugio_v7em_t_le_eabi.a(libdebugio.o) (__do_nvdebug_operation)
C:/Program Files/SEGGER/SEGGER Embedded Studio for ARM 5.42a/lib/libdebugio_v7em_t_le_eabi.a(mempoll_debug_operations.o)
                              (__do_debug_operation_mempoll)
C:/Program Files/SEGGER/SEGGER Embedded Studio for ARM 5.42a/lib/libm_v7em_t_le_eabi.a(libm_asm.o)
                              C:/Program Files/SEGGER/SEGGER Embedded Studio for ARM 5.42a/lib/libc_v7em_t_le_eabi.a(libc2.o) (__aeabi_fadd)
C:/Program Files/SEGGER/SEGGER Embedded Studio for ARM 5.42a/lib/libm_v7em_t_le_eabi.a(libm2.o)
                              C:/Program Files/SEGGER/SEGGER Embedded Studio for ARM 5.42a/lib/libc_v7em_t_le_eabi.a(libvfprintf.o) (frexp)

Discarded input sections

 .text          0x0000000000000000        0x0 Output/Release/Obj/ble_app_blinky_pca10040e_s112/thumb_crt0.o
 .data          0x0000000000000000        0x0 Output/Release/Obj/ble_app_blinky_pca10040e_s112/thumb_crt0.o
 .bss           0x0000000000000000        0x0 Output/Release/Obj/ble_app_blinky_pca10040e_s112/thumb_crt0.o
 .text.__aeabi_read_tp
                0x0000000000000000        0x8 Output/Release/Obj/ble_app_blinky_pca10040e_s112/thumb_crt0.o
 .text.abort    0x0000000000000000        0x2 Output/Release/Obj/ble_app_blinky_pca10040e_s112/thumb_crt0.o
 .text.__assert
                0x0000000000000000        0x2 Output/Release/Obj/ble_app_blinky_pca10040e_s112/thumb_crt0.o
 .text.__assert_func
                0x0000000000000000        0x2 Output/Release/Obj/ble_app_blinky_pca10040e_s112/thumb_crt0.o
 .text.__aeabi_assert
                0x0000000000000000        0x2 Output/Release/Obj/ble_app_blinky_pca10040e_s112/thumb_crt0.o
 .text.__sync_synchronize
                0x0000000000000000        0x2 Output/Release/Obj/ble_app_blinky_pca10040e_s112/thumb_crt0.o
 .text.__getchar
                0x0000000000000000        0x4 Output/Release/Obj/ble_app_blinky_pca10040e_s112/thumb_crt0.o
 .text.__putchar
                0x0000000000000000        0x4 Output/Release/Obj/ble_app_blinky_pca10040e_s112/thumb_crt0.o
 .text.__open   0x0000000000000000        0x4 Output/Release/Obj/ble_app_blinky_pca10040e_s112/thumb_crt0.o
 .text.__close  0x0000000000000000        0x4 Output/Release/Obj/ble_app_blinky_pca10040e_s112/thumb_crt0.o
 .text.__write  0x0000000000000000        0xa Output/Release/Obj/ble_app_blinky_pca10040e_s112/thumb_crt0.o
 .text.__read   0x0000000000000000        0xa Output/Release/Obj/ble_app_blinky_pca10040e_s112/thumb_crt0.o
 .text.__seek   0x0000000000000000       0x1a Output/Release/Obj/ble_app_blinky_pca10040e_s112/thumb_crt0.o
 .text.remove   0x0000000000000000        0x4 Output/Release/Obj/ble_app_blinky_pca10040e_s112/thumb_crt0.o
 .text.rename   0x0000000000000000        0x4 Output/Release/Obj/ble_app_blinky_pca10040e_s112/thumb_crt0.o
 .bss.__user_locale_name_buffer
                0x0000000000000000        0x4 Output/Release/Obj/ble_app_blinky_pca10040e_s112/thumb_crt0.o
 .stack         0x0000000000000000        0x0 Output/Release/Obj/ble_app_blinky_pca10040e_s112/thumb_crt0.o
 .stack_process
                0x0000000000000000        0x0 Output/Release/Obj/ble_app_blinky_pca10040e_s112/thumb_crt0.o
 .heap          0x0000000000000000        0x0 Output/Release/Obj/ble_app_blinky_pca10040e_s112/thumb_crt0.o
[...]
Memory Configuration

Name             Origin             Length             Attributes
UNPLACED_SECTIONS 0x0000000100000000 0x0000000000000000 xw
RAM1             0x0000000020000000 0x0000000000006000 xw
FLASH            0x0000000000000000 0x0000000000030000 xw
*default*        0x0000000000000000 0xffffffffffffffff

Linker script and memory map

                0x0000000000000000                __do_debug_operation = __do_debug_operation_mempoll
                0x0000000000000000                __vfprintf = __vfprintf_long
                0x0000000000000000                __vfscanf = __vfscanf_long
                0x0000000020000000                __RAM1_segment_start__ = 0x20000000
                0x0000000020006000                __RAM1_segment_end__ = 0x20006000
                0x0000000000006000                __RAM1_segment_size__ = 0x6000
                0x0000000000000000                __FLASH_segment_start__ = 0x0
                0x0000000000030000                __FLASH_segment_end__ = 0x30000
                0x0000000000030000                __FLASH_segment_size__ = 0x30000
                0x0000000000000800                __HEAPSIZE__ = 0x800
                0x0000000000000000                __STACKSIZE_PROCESS__ = 0x0
                0x0000000000000800                __STACKSIZE__ = 0x800
                0x0000000020000000                __reserved_ram_load_start__ = 0x20000000

.reserved_ram   0x0000000020000000     0x1ae0
                0x0000000020000000                __reserved_ram_start__ = .
 *(.reserved_ram .reserved_ram.*)
                0x0000000020001ae0                . = MAX (((__reserved_ram_start__ + 0x20001ae0) - 0x20000000), .)
 *fill*         0x0000000020000000     0x1ae0 
                0x0000000020001ae0                __reserved_ram_end__ = (__reserved_ram_start__ + SIZEOF (.reserved_ram))
                0x0000000000001ae0                __reserved_ram_size__ = SIZEOF (.reserved_ram)
                0x0000000020001ae0                __reserved_ram_load_end__ = __reserved_ram_end__
                0x0000000000000001                . = ASSERT (((__reserved_ram_start__ == __reserved_ram_end__) || ((__reserved_ram_end__ - __RAM1_segment_start__) <= __RAM1_segment_size__)), error: .reserved_ram is too large to fit in RAM1 memory segment)
                0x0000000020001ae0                __vectors_ram_load_start__ = 0x20001ae0

.vectors_ram    0x0000000020001ae0        0x0
                0x0000000020001ae0                __vectors_ram_start__ = .
                0x0000000020001ae0                __app_ram_start__ = __vectors_ram_start__
 *(.vectors_ram .vectors_ram.*)
                0x0000000020001ae0                __vectors_ram_end__ = (__vectors_ram_start__ + SIZEOF (.vectors_ram))
                0x0000000000000000                __vectors_ram_size__ = SIZEOF (.vectors_ram)
                0x0000000020001ae0                __vectors_ram_load_end__ = __vectors_ram_end__
                0x0000000000000001                . = ASSERT (((__vectors_ram_start__ == __vectors_ram_end__) || ((__vectors_ram_end__ - __RAM1_segment_start__) <= __RAM1_segment_size__)), error: .vectors_ram is too large to fit in RAM1 memory segment)
                0x0000000000000001                . = ASSERT ((__reserved_ram_end__ <= __vectors_ram_start__), error: section .reserved_ram overlaps absolute placed section .vectors_ram)
                0x0000000020001ae0                __nrf_sections_run_load_start__ = ALIGN (__vectors_ram_end__, 0x4)

.nrf_sections_run
                0x0000000020001ae0        0x0
                0x0000000020001ae0                __nrf_sections_run_start__ = .
                0x0000000020001ae0                __start_nrf_sections_run = __nrf_sections_run_start__
 *(.nrf_sections_run .nrf_sections_run.*)
                0x0000000020001ae0                __nrf_sections_run_end__ = (__nrf_sections_run_start__ + SIZEOF (.nrf_sections_run))
                0x0000000000000000                __nrf_sections_run_size__ = SIZEOF (.nrf_sections_run)
                0x0000000020001ae0                __nrf_sections_run_load_end__ = __nrf_sections_run_end__
                0x0000000000000001                . = ASSERT (((__nrf_sections_run_start__ == __nrf_sections_run_end__) || ((__nrf_sections_run_end__ - __RAM1_segment_start__) <= __RAM1_segment_size__)), error: .nrf_sections_run is too large to fit in RAM1 memory segment)
                0x0000000000000000                __reserved_flash_load_start__ = 0x0

.reserved_flash
                0x0000000000000000    0x19000
                0x0000000000000000                __reserved_flash_start__ = .
 *(.reserved_flash .reserved_flash.*)
                0x0000000000019000                . = MAX (((__reserved_flash_start__ + 0x19000) - 0x0), .)
 *fill*         0x0000000000000000    0x19000 
                0x0000000000019000                __reserved_flash_end__ = (__reserved_flash_start__ + SIZEOF (.reserved_flash))
                0x0000000000019000                __reserved_flash_size__ = SIZEOF (.reserved_flash)
                0x0000000000019000                __reserved_flash_load_end__ = __reserved_flash_end__
                0x0000000000000001                . = ASSERT (((__reserved_flash_start__ == __reserved_flash_end__) || ((__reserved_flash_end__ - __FLASH_segment_start__) <= __FLASH_segment_size__)), error: .reserved_flash is too large to fit in FLASH memory segment)
                0x0000000000019000                __vectors_load_start__ = 0x19000

.vectors        0x0000000000019000      0x200
                0x0000000000019000                __vectors_start__ = .
 *(.vectors .vectors.*)
 .vectors       0x0000000000019000      0x200 Output/Release/Obj/ble_app_blinky_pca10040e_s112/ses_startup_nrf52810.o
                0x0000000000019000                _vectors
                0x0000000000019200                __vectors_end__ = (__vectors_start__ + SIZEOF (.vectors))
                0x0000000000000200                __vectors_size__ = SIZEOF (.vectors)
                0x0000000000019200                __vectors_load_end__ = __vectors_end__
                0x0000000000000001                . = ASSERT (((__vectors_start__ == __vectors_end__) || ((__vectors_end__ - __FLASH_segment_start__) <= __FLASH_segment_size__)), error: .vectors is too large to fit in FLASH memory segment)
                0x0000000000000001                . = ASSERT ((__reserved_flash_end__ <= __vectors_start__), error: section .reserved_flash overlaps absolute placed section .vectors)
                0x0000000000019200                __init_load_start__ = ALIGN (__vectors_end__, 0x4)

.init           0x0000000000019200      0x1ec
                0x0000000000019200                __init_start__ = .
 *(.init .init.*)
 .init          0x0000000000019200      0x15c Output/Release/Obj/ble_app_blinky_pca10040e_s112/thumb_crt0.o
                0x0000000000019200                _start
                0x00000000000192b4                exit
 .init          0x000000000001935c       0x48 Output/Release/Obj/ble_app_blinky_pca10040e_s112/ses_startup_nrf52810.o
                0x000000000001935c                NMI_Handler
                0x000000000001935e                HardFault_Handler
                0x0000000000019360                MemoryManagement_Handler
                0x0000000000019362                BusFault_Handler
                0x0000000000019364                UsageFault_Handler
                0x0000000000019366                SVC_Handler
                0x0000000000019368                DebugMon_Handler
                0x000000000001936a                PendSV_Handler
                0x000000000001936c                SysTick_Handler
                0x000000000001936e                SWI0_EGU0_IRQHandler
                0x000000000001936e                SWI4_IRQHandler
                0x000000000001936e                TEMP_IRQHandler
                0x000000000001936e                RTC0_IRQHandler
                0x000000000001936e                PDM_IRQHandler
                0x000000000001936e                RADIO_IRQHandler
                0x000000000001936e                SWI5_IRQHandler
                0x000000000001936e                TIMER0_IRQHandler
                0x000000000001936e                Dummy_Handler
                0x000000000001936e                TIMER1_IRQHandler
                0x000000000001936e                ECB_IRQHandler
                0x000000000001936e                SWI3_IRQHandler
                0x000000000001936e                SPIM0_SPIS0_SPI0_IRQHandler
                0x000000000001936e                SAADC_IRQHandler
                0x000000000001936e                CCM_AAR_IRQHandler
                0x000000000001936e                WDT_IRQHandler
                0x000000000001936e                QDEC_IRQHandler
                0x000000000001936e                RNG_IRQHandler
                0x000000000001936e                COMP_IRQHandler
                0x000000000001936e                PWM0_IRQHandler
                0x000000000001936e                TWIM0_TWIS0_TWI0_IRQHandler
                0x000000000001936e                TIMER2_IRQHandler
                0x0000000000019370                nRFInitialize
 .init          0x00000000000193a4       0x48 Output/Release/Obj/ble_app_blinky_pca10040e_s112/ses_startup_nrf_common.o
                0x00000000000193a4                Reset_Handler
                0x00000000000193a8                afterInitialize
                0x00000000000193ba                InitializeUserMemorySections
                0x00000000000193ec                __init_end__ = (__init_start__ + SIZEOF (.init))
                0x00000000000001ec                __init_size__ = SIZEOF (.init)
                0x00000000000193ec                __init_load_end__ = __init_end__
                0x0000000000000001                . = ASSERT (((__init_start__ == __init_end__) || ((__init_end__ - __FLASH_segment_start__) <= __FLASH_segment_size__)), error: .init is too large to fit in FLASH memory segment)
                0x00000000000193ec                __init_rodata_load_start__ = ALIGN (__init_end__, 0x4)

.init_rodata    0x00000000000193ec        0x0
                0x00000000000193ec                __init_rodata_start__ = .
 *(.init_rodata .init_rodata.*)
                0x00000000000193ec                __init_rodata_end__ = (__init_rodata_start__ + SIZEOF (.init_rodata))
                0x0000000000000000                __init_rodata_size__ = SIZEOF (.init_rodata)
                0x00000000000193ec                __init_rodata_load_end__ = __init_rodata_end__
                0x0000000000000001                . = ASSERT (((__init_rodata_start__ == __init_rodata_end__) || ((__init_rodata_end__ - __FLASH_segment_start__) <= __FLASH_segment_size__)), error: .init_rodata is too large to fit in FLASH memory segment)
                0x00000000000193ec                __text_load_start__ = ALIGN (__init_rodata_end__, 0x4)

.text           0x00000000000193ec     0x49d2
                0x00000000000193ec                __text_start__ = .
 *(.text .text.* .glue_7t .glue_7 .gnu.linkonce.t.* .gcc_except_table .ARM.extab* .gnu.linkonce.armextab.*)
 .glue_7        0x00000000000193ec        0x0 linker stubs
 .glue_7t       0x00000000000193ec        0x0 linker stubs
 .text.nrf_log_backend_serial_put
                0x00000000000193ec       0xc2 Output/Release/Obj/ble_app_blinky_pca10040e_s112/nrf_log_backend_serial.o
                0x00000000000193ec                nrf_log_backend_serial_put
 *fill*         0x00000000000194ae        0x2 
 .text.uart_evt_handler
                0x00000000000194b0        0xc Output/Release/Obj/ble_app_blinky_pca10040e_s112/nrf_log_backend_uart.o
 .text.nrf_log_backend_uart_flush
                0x00000000000194bc        0x2 Output/Release/Obj/ble_app_blinky_pca10040e_s112/nrf_log_backend_uart.o
 *fill*         0x00000000000194be        0x2 
 .text.uart_init
                0x00000000000194c0       0x4c Output/Release/Obj/ble_app_blinky_pca10040e_s112/nrf_log_backend_uart.o
 .text.nrf_log_backend_uart_put
                0x000000000001950c       0x1c Output/Release/Obj/ble_app_blinky_pca10040e_s112/nrf_log_backend_uart.o
 .text.serial_tx
                0x0000000000019528       0x48 Output/Release/Obj/ble_app_blinky_pca10040e_s112/nrf_log_backend_uart.o
 .text.nrf_log_backend_uart_panic_set
                0x0000000000019570       0x2c Output/Release/Obj/ble_app_blinky_pca10040e_s112/nrf_log_backend_uart.o
 .text.nrf_log_backend_uart_init
                0x000000000001959c        0x6 Output/Release/Obj/ble_app_blinky_pca10040e_s112/nrf_log_backend_uart.o
                0x000000000001959c                nrf_log_backend_uart_init
 *fill*         0x00000000000195a2        0x2 
 .text.nrf_log_default_backends_init
                0x00000000000195a4       0x20 Output/Release/Obj/ble_app_blinky_pca10040e_s112/nrf_log_default_backends.o
                0x00000000000195a4                nrf_log_default_backends_init
 .text.invalid_packets_omit
                0x00000000000195c4       0x38 Output/Release/Obj/ble_app_blinky_pca10040e_s112/nrf_log_frontend.o
 .text.buf_prealloc
                0x00000000000195fc      0x128 Output/Release/Obj/ble_app_blinky_pca10040e_s112/nrf_log_frontend.o
 .text.nrf_log_init
                0x0000000000019724       0x28 Output/Release/Obj/ble_app_blinky_pca10040e_s112/nrf_log_frontend.o
                0x0000000000019724                nrf_log_init
 .text.nrf_log_module_name_get
                0x000000000001974c       0x38 Output/Release/Obj/ble_app_blinky_pca10040e_s112/nrf_log_frontend.o
                0x000000000001974c                nrf_log_module_name_get
 .text.nrf_log_color_id_get
                0x0000000000019784       0x2c Output/Release/Obj/ble_app_blinky_pca10040e_s112/nrf_log_frontend.o
                0x0000000000019784                nrf_log_color_id_get
 .text.buffer_is_empty
                0x00000000000197b0       0x14 Output/Release/Obj/ble_app_blinky_pca10040e_s112/nrf_log_frontend.o
                0x00000000000197b0                buffer_is_empty
 .text.nrf_log_frontend_dequeue
                0x00000000000197c4      0x208 Output/Release/Obj/ble_app_blinky_pca10040e_s112/nrf_log_frontend.o
                0x00000000000197c4                nrf_log_frontend_dequeue
 .text.std_n    0x00000000000199cc       0x8c Output/Release/Obj/ble_app_blinky_pca10040e_s112/nrf_log_frontend.o
 .text.nrf_log_frontend_std_0
                0x0000000000019a58        0x8 Output/Release/Obj/ble_app_blinky_pca10040e_s112/nrf_log_frontend.o
                0x0000000000019a58                nrf_log_frontend_std_0
 .text.nrf_log_frontend_std_1
                0x0000000000019a60       0x12 Output/Release/Obj/ble_app_blinky_pca10040e_s112/nrf_log_frontend.o
                0x0000000000019a60                nrf_log_frontend_std_1
 .text.nrf_log_frontend_std_2
                0x0000000000019a72       0x14 Output/Release/Obj/ble_app_blinky_pca10040e_s112/nrf_log_frontend.o
                0x0000000000019a72                nrf_log_frontend_std_2
 *fill*         0x0000000000019a86        0x2 
 .text.nrf_log_backend_add
                0x0000000000019a88       0x44 Output/Release/Obj/ble_app_blinky_pca10040e_s112/nrf_log_frontend.o
                0x0000000000019a88                nrf_log_backend_add
 .text.nrf_log_panic
                0x0000000000019acc       0x28 Output/Release/Obj/ble_app_blinky_pca10040e_s112/nrf_log_frontend.o
                0x0000000000019acc                nrf_log_panic
 .text.prefix_process
                0x0000000000019af4       0x78 Output/Release/Obj/ble_app_blinky_pca10040e_s112/nrf_log_str_formatter.o
 .text.postfix_process
                0x0000000000019b6c       0x3c Output/Release/Obj/ble_app_blinky_pca10040e_s112/nrf_log_str_formatter.o
 .text.nrf_log_std_entry_process
                0x0000000000019ba8       0xc8 Output/Release/Obj/ble_app_blinky_pca10040e_s112/nrf_log_str_formatter.o
                0x0000000000019ba8                nrf_log_std_entry_process
 .text.nrf_log_hexdump_entry_process
                0x0000000000019c70       0xb8 Output/Release/Obj/ble_app_blinky_pca10040e_s112/nrf_log_str_formatter.o
                0x0000000000019c70                nrf_log_hexdump_entry_process
 .text.state_set
                0x0000000000019d28       0x24 Output/Release/Obj/ble_app_blinky_pca10040e_s112/app_button.o
 .text.button_get
                0x0000000000019d4c       0x30 Output/Release/Obj/ble_app_blinky_pca10040e_s112/app_button.o
 .text.usr_event
                0x0000000000019d7c       0x1c Output/Release/Obj/ble_app_blinky_pca10040e_s112/app_button.o
 .text.timer_start
                0x0000000000019d98       0x18 Output/Release/Obj/ble_app_blinky_pca10040e_s112/app_button.o
 .text.gpiote_event_handler
                0x0000000000019db0       0x34 Output/Release/Obj/ble_app_blinky_pca10040e_s112/app_button.o
 .text.evt_handle
                0x0000000000019de4       0xec Output/Release/Obj/ble_app_blinky_pca10040e_s112/app_button.o
                0x0000000000019de4                evt_handle
 .text.detection_delay_timeout_handler
                0x0000000000019ed0       0x5c Output/Release/Obj/ble_app_blinky_pca10040e_s112/app_button.o
 .text.app_button_init
                0x0000000000019f2c       0xb0 Output/Release/Obj/ble_app_blinky_pca10040e_s112/app_button.o
                0x0000000000019f2c                app_button_init
 .text.app_button_enable
                0x0000000000019fdc       0x2c Output/Release/Obj/ble_app_blinky_pca10040e_s112/app_button.o
                0x0000000000019fdc                app_button_enable
 .text.app_button_disable
                0x000000000001a008       0x58 Output/Release/Obj/ble_app_blinky_pca10040e_s112/app_button.o
                0x000000000001a008                app_button_disable
 .text.app_error_handler_bare
                0x000000000001a060       0x1a Output/Release/Obj/ble_app_blinky_pca10040e_s112/app_error.o
                0x000000000001a060                app_error_handler_bare
 *fill*         0x000000000001a07a        0x2 
 .text.app_error_fault_handler
                0x000000000001a07c       0x6c Output/Release/Obj/ble_app_blinky_pca10040e_s112/app_error_weak.o
                0x000000000001a07c                app_error_fault_handler
 .text.compare_func
                0x000000000001a0e8       0x18 Output/Release/Obj/ble_app_blinky_pca10040e_s112/app_timer2.o
 .text.get_now  0x000000000001a100       0x38 Output/Release/Obj/ble_app_blinky_pca10040e_s112/app_timer2.o
 .text.timer_req_schedule
                0x000000000001a138       0x38 Output/Release/Obj/ble_app_blinky_pca10040e_s112/app_timer2.o
 .text.timer_expire
                0x000000000001a170       0x6c Output/Release/Obj/ble_app_blinky_pca10040e_s112/app_timer2.o
 .text.app_timer_init
                0x000000000001a1dc       0x64 Output/Release/Obj/ble_app_blinky_pca10040e_s112/app_timer2.o
                0x000000000001a1dc                app_timer_init
 .text.app_timer_create
                0x000000000001a240       0x16 Output/Release/Obj/ble_app_blinky_pca10040e_s112/app_timer2.o
                0x000000000001a240                app_timer_create
 .text.app_timer_start
                0x000000000001a256       0x30 Output/Release/Obj/ble_app_blinky_pca10040e_s112/app_timer2.o
                0x000000000001a256                app_timer_start
 .text.app_timer_stop
                0x000000000001a286        0xc Output/Release/Obj/ble_app_blinky_pca10040e_s112/app_timer2.o
                0x000000000001a286                app_timer_stop
 *fill*         0x000000000001a292        0x2 
 .text.app_timer_cnt_get
                0x000000000001a294        0xc Output/Release/Obj/ble_app_blinky_pca10040e_s112/app_timer2.o
                0x000000000001a294                app_timer_cnt_get
 .text.rtc_irq  0x000000000001a2a0      0x190 Output/Release/Obj/ble_app_blinky_pca10040e_s112/app_timer2.o
 .text.app_util_critical_region_enter
                0x000000000001a430       0x48 Output/Release/Obj/ble_app_blinky_pca10040e_s112/app_util_platform.o
                0x000000000001a430                app_util_critical_region_enter
 .text.app_util_critical_region_exit
                0x000000000001a478       0x2c Output/Release/Obj/ble_app_blinky_pca10040e_s112/app_util_platform.o
                0x000000000001a478                app_util_critical_region_exit
 .text.evt_pending.isra.0
                0x000000000001a4a4       0x18 Output/Release/Obj/ble_app_blinky_pca10040e_s112/drv_rtc.o
 .text.drv_rtc_init
                0x000000000001a4bc       0xa4 Output/Release/Obj/ble_app_blinky_pca10040e_s112/drv_rtc.o
                0x000000000001a4bc                drv_rtc_init
 .text.drv_rtc_start
                0x000000000001a560        0x8 Output/Release/Obj/ble_app_blinky_pca10040e_s112/drv_rtc.o
                0x000000000001a560                drv_rtc_start
 .text.drv_rtc_stop
                0x000000000001a568        0x8 Output/Release/Obj/ble_app_blinky_pca10040e_s112/drv_rtc.o
                0x000000000001a568                drv_rtc_stop
 .text.drv_rtc_compare_set
                0x000000000001a570       0x3e Output/Release/Obj/ble_app_blinky_pca10040e_s112/drv_rtc.o
                0x000000000001a570                drv_rtc_compare_set
 *fill*         0x000000000001a5ae        0x2 
 .text.drv_rtc_windowed_compare_set
                0x000000000001a5b0       0xf0 Output/Release/Obj/ble_app_blinky_pca10040e_s112/drv_rtc.o
                0x000000000001a5b0                drv_rtc_windowed_compare_set
 .text.drv_rtc_overflow_enable
                0x000000000001a6a0       0x10 Output/Release/Obj/ble_app_blinky_pca10040e_s112/drv_rtc.o
                0x000000000001a6a0                drv_rtc_overflow_enable
 .text.drv_rtc_overflow_pending
                0x000000000001a6b0        0xa Output/Release/Obj/ble_app_blinky_pca10040e_s112/drv_rtc.o
                0x000000000001a6b0                drv_rtc_overflow_pending
 .text.drv_rtc_compare_disable
                0x000000000001a6ba       0x14 Output/Release/Obj/ble_app_blinky_pca10040e_s112/drv_rtc.o
                0x000000000001a6ba                drv_rtc_compare_disable
 .text.drv_rtc_compare_pending
                0x000000000001a6ce        0xc Output/Release/Obj/ble_app_blinky_pca10040e_s112/drv_rtc.o
                0x000000000001a6ce                drv_rtc_compare_pending
 .text.drv_rtc_counter_get
                0x000000000001a6da        0x8 Output/Release/Obj/ble_app_blinky_pca10040e_s112/drv_rtc.o
                0x000000000001a6da                drv_rtc_counter_get
 *fill*         0x000000000001a6e2        0x2 
 .text.drv_rtc_irq_trigger
                0x000000000001a6e4       0x24 Output/Release/Obj/ble_app_blinky_pca10040e_s112/drv_rtc.o
                0x000000000001a6e4                drv_rtc_irq_trigger
 .text.RTC1_IRQHandler
                0x000000000001a708       0x14 Output/Release/Obj/ble_app_blinky_pca10040e_s112/drv_rtc.o
                0x000000000001a708                RTC1_IRQHandler
 .text.nrf_atfifo_init
                0x000000000001a71c       0x26 Output/Release/Obj/ble_app_blinky_pca10040e_s112/nrf_atfifo.o
                0x000000000001a71c                nrf_atfifo_init
 .text.nrf_atfifo_item_alloc
                0x000000000001a742       0x54 Output/Release/Obj/ble_app_blinky_pca10040e_s112/nrf_atfifo.o
                0x000000000001a742                nrf_atfifo_item_alloc
 .text.nrf_atfifo_item_put
                0x000000000001a796       0x20 Output/Release/Obj/ble_app_blinky_pca10040e_s112/nrf_atfifo.o
                0x000000000001a796                nrf_atfifo_item_put
 .text.nrf_atfifo_item_get
                0x000000000001a7b6       0x56 Output/Release/Obj/ble_app_blinky_pca10040e_s112/nrf_atfifo.o
                0x000000000001a7b6                nrf_atfifo_item_get
 .text.nrf_atfifo_item_free
                0x000000000001a80c       0x20 Output/Release/Obj/ble_app_blinky_pca10040e_s112/nrf_atfifo.o
                0x000000000001a80c                nrf_atfifo_item_free
 .text.nrf_atflags_set
                0x000000000001a82c       0x12 Output/Release/Obj/ble_app_blinky_pca10040e_s112/nrf_atflags.o
                0x000000000001a82c                nrf_atflags_set
 .text.nrf_atflags_clear
                0x000000000001a83e       0x14 Output/Release/Obj/ble_app_blinky_pca10040e_s112/nrf_atflags.o
                0x000000000001a83e                nrf_atflags_clear
 .text.nrf_atflags_get
                0x000000000001a852       0x12 Output/Release/Obj/ble_app_blinky_pca10040e_s112/nrf_atflags.o
                0x000000000001a852                nrf_atflags_get
 .text.nrf_atomic_u32_fetch_store
                0x000000000001a864       0x16 Output/Release/Obj/ble_app_blinky_pca10040e_s112/nrf_atomic.o
                0x000000000001a864                nrf_atomic_u32_fetch_store
 .text.nrf_atomic_u32_or
                0x000000000001a87a       0x18 Output/Release/Obj/ble_app_blinky_pca10040e_s112/nrf_atomic.o
                0x000000000001a87a                nrf_atomic_u32_or
 .text.nrf_atomic_u32_fetch_and
                0x000000000001a892       0x18 Output/Release/Obj/ble_app_blinky_pca10040e_s112/nrf_atomic.o
                0x000000000001a892                nrf_atomic_u32_fetch_and
 .text.nrf_atomic_u32_and
                0x000000000001a8aa       0x18 Output/Release/Obj/ble_app_blinky_pca10040e_s112/nrf_atomic.o
                0x000000000001a8aa                nrf_atomic_u32_and
 .text.nrf_atomic_u32_add
                0x000000000001a8c2       0x18 Output/Release/Obj/ble_app_blinky_pca10040e_s112/nrf_atomic.o
                0x000000000001a8c2                nrf_atomic_u32_add
 .text.nrf_atomic_u32_sub
                0x000000000001a8da       0x18 Output/Release/Obj/ble_app_blinky_pca10040e_s112/nrf_atomic.o
                0x000000000001a8da                nrf_atomic_u32_sub
 .text.nrf_atomic_flag_set
                0x000000000001a8f2        0x6 Output/Release/Obj/ble_app_blinky_pca10040e_s112/nrf_atomic.o
                0x000000000001a8f2                nrf_atomic_flag_set
 .text.nrf_atomic_flag_clear_fetch
                0x000000000001a8f8        0x6 Output/Release/Obj/ble_app_blinky_pca10040e_s112/nrf_atomic.o
                0x000000000001a8f8                nrf_atomic_flag_clear_fetch
 .text.nrf_balloc_init
                0x000000000001a8fe       0x2e Output/Release/Obj/ble_app_blinky_pca10040e_s112/nrf_balloc.o
                0x000000000001a8fe                nrf_balloc_init
 .text.nrf_balloc_alloc
                0x000000000001a92c       0x48 Output/Release/Obj/ble_app_blinky_pca10040e_s112/nrf_balloc.o
                0x000000000001a92c                nrf_balloc_alloc
 .text.nrf_balloc_free
                0x000000000001a974       0x34 Output/Release/Obj/ble_app_blinky_pca10040e_s112/nrf_balloc.o
                0x000000000001a974                nrf_balloc_free
 .text.nrf_fprintf_buffer_flush
                0x000000000001a9a8       0x16 Output/Release/Obj/ble_app_blinky_pca10040e_s112/nrf_fprintf.o
                0x000000000001a9a8                nrf_fprintf_buffer_flush
 .text.nrf_fprintf
                0x000000000001a9be       0x1c Output/Release/Obj/ble_app_blinky_pca10040e_s112/nrf_fprintf.o
                0x000000000001a9be                nrf_fprintf
 .text.buffer_add
                0x000000000001a9da       0x2e Output/Release/Obj/ble_app_blinky_pca10040e_s112/nrf_fprintf_format.o
 .text.unsigned_print
                0x000000000001aa08       0xb4 Output/Release/Obj/ble_app_blinky_pca10040e_s112/nrf_fprintf_format.o
 .text.nrf_fprintf_fmt
                0x000000000001aabc      0x294 Output/Release/Obj/ble_app_blinky_pca10040e_s112/nrf_fprintf_format.o
                0x000000000001aabc                nrf_fprintf_fmt
 .text.memobj_op
                0x000000000001ad50       0x86 Output/Release/Obj/ble_app_blinky_pca10040e_s112/nrf_memobj.o
 .text.nrf_memobj_pool_init
                0x000000000001add6        0x4 Output/Release/Obj/ble_app_blinky_pca10040e_s112/nrf_memobj.o
                0x000000000001add6                nrf_memobj_pool_init
 .text.nrf_memobj_free
                0x000000000001adda       0x2c Output/Release/Obj/ble_app_blinky_pca10040e_s112/nrf_memobj.o
                0x000000000001adda                nrf_memobj_free
 .text.nrf_memobj_alloc
                0x000000000001ae06       0x5e Output/Release/Obj/ble_app_blinky_pca10040e_s112/nrf_memobj.o
                0x000000000001ae06                nrf_memobj_alloc
 .text.nrf_memobj_get
                0x000000000001ae64        0x8 Output/Release/Obj/ble_app_blinky_pca10040e_s112/nrf_memobj.o
                0x000000000001ae64                nrf_memobj_get
 .text.nrf_memobj_put
                0x000000000001ae6c       0x1c Output/Release/Obj/ble_app_blinky_pca10040e_s112/nrf_memobj.o
                0x000000000001ae6c                nrf_memobj_put
 .text.nrf_memobj_write
                0x000000000001ae88       0x14 Output/Release/Obj/ble_app_blinky_pca10040e_s112/nrf_memobj.o
                0x000000000001ae88                nrf_memobj_write
 .text.nrf_memobj_read
                0x000000000001ae9c       0x14 Output/Release/Obj/ble_app_blinky_pca10040e_s112/nrf_memobj.o
                0x000000000001ae9c                nrf_memobj_read
 .text.sd_app_evt_wait
                0x000000000001aeb0        0x4 Output/Release/Obj/ble_app_blinky_pca10040e_s112/nrf_pwr_mgmt.o
 .text.nrf_pwr_mgmt_init
                0x000000000001aeb4       0x2c Output/Release/Obj/ble_app_blinky_pca10040e_s112/nrf_pwr_mgmt.o
                0x000000000001aeb4                nrf_pwr_mgmt_init
 .text.nrf_pwr_mgmt_run
                0x000000000001aee0       0x18 Output/Release/Obj/ble_app_blinky_pca10040e_s112/nrf_pwr_mgmt.o
                0x000000000001aee0                nrf_pwr_mgmt_run
 .text.nrf_ringbuf_init
                0x000000000001aef8       0x12 Output/Release/Obj/ble_app_blinky_pca10040e_s112/nrf_ringbuf.o
                0x000000000001aef8                nrf_ringbuf_init
 .text.nrf_section_iter_init
                0x000000000001af0a       0x14 Output/Release/Obj/ble_app_blinky_pca10040e_s112/nrf_section_iter.o
                0x000000000001af0a                nrf_section_iter_init
 .text.nrf_section_iter_next
                0x000000000001af1e       0x18 Output/Release/Obj/ble_app_blinky_pca10040e_s112/nrf_section_iter.o
                0x000000000001af1e                nrf_section_iter_next
 .text.nrf_sortlist_add
                0x000000000001af36       0x20 Output/Release/Obj/ble_app_blinky_pca10040e_s112/nrf_sortlist.o
                0x000000000001af36                nrf_sortlist_add
 .text.nrf_sortlist_pop
                0x000000000001af56        0xc Output/Release/Obj/ble_app_blinky_pca10040e_s112/nrf_sortlist.o
                0x000000000001af56                nrf_sortlist_pop
 .text.nrf_sortlist_peek
                0x000000000001af62        0x6 Output/Release/Obj/ble_app_blinky_pca10040e_s112/nrf_sortlist.o
                0x000000000001af62                nrf_sortlist_peek
 .text.nrf_sortlist_remove
                0x000000000001af68       0x1a Output/Release/Obj/ble_app_blinky_pca10040e_s112/nrf_sortlist.o
                0x000000000001af68                nrf_sortlist_remove
 *fill*         0x000000000001af82        0x2 
 .text.nrf_strerror_find
                0x000000000001af84       0x3c Output/Release/Obj/ble_app_blinky_pca10040e_s112/nrf_strerror.o
                0x000000000001af84                nrf_strerror_find
 .text.nrf_strerror_get
                0x000000000001afc0       0x14 Output/Release/Obj/ble_app_blinky_pca10040e_s112/nrf_strerror.o
                0x000000000001afc0                nrf_strerror_get
 .text.__NVIC_SystemReset
                0x000000000001afd4       0x24 Output/Release/Obj/ble_app_blinky_pca10040e_s112/system_nrf52810.o
 .text.nrf52_errata_12
                0x000000000001aff8       0x1c Output/Release/Obj/ble_app_blinky_pca10040e_s112/system_nrf52810.o
 .text.nrf52_errata_16
                0x000000000001b014       0x28 Output/Release/Obj/ble_app_blinky_pca10040e_s112/system_nrf52810.o
 .text.nrf52_errata_31
                0x000000000001b03c       0x26 Output/Release/Obj/ble_app_blinky_pca10040e_s112/system_nrf52810.o
 *fill*         0x000000000001b062        0x2 
 .text.SystemInit
                0x000000000001b064      0x2d0 Output/Release/Obj/ble_app_blinky_pca10040e_s112/system_nrf52810.o
                0x000000000001b064                SystemInit
 .text.bsp_board_led_on
                0x000000000001b334       0x18 Output/Release/Obj/ble_app_blinky_pca10040e_s112/boards.o
                0x000000000001b334                bsp_board_led_on
 .text.bsp_board_led_off
                0x000000000001b34c       0x18 Output/Release/Obj/ble_app_blinky_pca10040e_s112/boards.o
                0x000000000001b34c                bsp_board_led_off
 .text.bsp_board_leds_off
                0x000000000001b364       0x1e Output/Release/Obj/ble_app_blinky_pca10040e_s112/boards.o
                0x000000000001b364                bsp_board_leds_off
 .text.bsp_board_init
                0x000000000001b382       0x3e Output/Release/Obj/ble_app_blinky_pca10040e_s112/boards.o
                0x000000000001b382                bsp_board_init
 .text.clock_clk_started_notify
                0x000000000001b3c0       0x24 Output/Release/Obj/ble_app_blinky_pca10040e_s112/nrf_drv_clock.o
 .text.clock_irq_handler
                0x000000000001b3e4       0x1c Output/Release/Obj/ble_app_blinky_pca10040e_s112/nrf_drv_clock.o
 .text.soc_evt_handler
                0x000000000001b400       0x14 Output/Release/Obj/ble_app_blinky_pca10040e_s112/nrf_drv_clock.o
 .text.nrf_drv_clock_init
                0x000000000001b414       0x48 Output/Release/Obj/ble_app_blinky_pca10040e_s112/nrf_drv_clock.o
                0x000000000001b414                nrf_drv_clock_init
 .text.nrf_drv_clock_lfclk_release
                0x000000000001b45c       0x40 Output/Release/Obj/ble_app_blinky_pca10040e_s112/nrf_drv_clock.o
                0x000000000001b45c                nrf_drv_clock_lfclk_release
 .text.sd_state_evt_handler
                0x000000000001b49c       0x64 Output/Release/Obj/ble_app_blinky_pca10040e_s112/nrf_drv_clock.o
 .text.uarte_evt_handler
                0x000000000001b500       0x34 Output/Release/Obj/ble_app_blinky_pca10040e_s112/nrf_drv_uart.o
 .text.uart_evt_handler
                0x000000000001b534       0x34 Output/Release/Obj/ble_app_blinky_pca10040e_s112/nrf_drv_uart.o
 .text.nrf_drv_uart_init
                0x000000000001b568       0x7c Output/Release/Obj/ble_app_blinky_pca10040e_s112/nrf_drv_uart.o
                0x000000000001b568                nrf_drv_uart_init
 .text.nrf_clock_event_clear
                0x000000000001b5e4       0x14 Output/Release/Obj/ble_app_blinky_pca10040e_s112/nrfx_clock.o
 .text.nrfx_clock_init
                0x000000000001b5f8       0x18 Output/Release/Obj/ble_app_blinky_pca10040e_s112/nrfx_clock.o
                0x000000000001b5f8                nrfx_clock_init
 .text.nrfx_clock_enable
                0x000000000001b610       0x24 Output/Release/Obj/ble_app_blinky_pca10040e_s112/nrfx_clock.o
                0x000000000001b610                nrfx_clock_enable
 .text.nrfx_clock_lfclk_stop
                0x000000000001b634       0x22 Output/Release/Obj/ble_app_blinky_pca10040e_s112/nrfx_clock.o
                0x000000000001b634                nrfx_clock_lfclk_stop
 *fill*         0x000000000001b656        0x2 
 .text.POWER_CLOCK_IRQHandler
                0x000000000001b658       0x50 Output/Release/Obj/ble_app_blinky_pca10040e_s112/nrfx_clock.o
                0x000000000001b658                POWER_CLOCK_IRQHandler
 .text.nrf_gpiote_event_clear
                0x000000000001b6a8       0x18 Output/Release/Obj/ble_app_blinky_pca10040e_s112/nrfx_gpiote.o
 .text.nrf_gpio_cfg_sense_set
                0x000000000001b6c0       0x20 Output/Release/Obj/ble_app_blinky_pca10040e_s112/nrfx_gpiote.o
 .text.channel_free
                0x000000000001b6e0       0x1c Output/Release/Obj/ble_app_blinky_pca10040e_s112/nrfx_gpiote.o
 .text.nrfx_gpiote_init
                0x000000000001b6fc       0x7c Output/Release/Obj/ble_app_blinky_pca10040e_s112/nrfx_gpiote.o
                0x000000000001b6fc                nrfx_gpiote_init
 .text.nrfx_gpiote_is_init
                0x000000000001b778       0x14 Output/Release/Obj/ble_app_blinky_pca10040e_s112/nrfx_gpiote.o
                0x000000000001b778                nrfx_gpiote_is_init
 .text.nrfx_gpiote_in_init
                0x000000000001b78c       0xf0 Output/Release/Obj/ble_app_blinky_pca10040e_s112/nrfx_gpiote.o
                0x000000000001b78c                nrfx_gpiote_in_init
 .text.nrfx_gpiote_in_event_enable
                0x000000000001b87c       0x8c Output/Release/Obj/ble_app_blinky_pca10040e_s112/nrfx_gpiote.o
                0x000000000001b87c                nrfx_gpiote_in_event_enable
 .text.nrfx_gpiote_in_event_disable
                0x000000000001b908       0x44 Output/Release/Obj/ble_app_blinky_pca10040e_s112/nrfx_gpiote.o
                0x000000000001b908                nrfx_gpiote_in_event_disable
 .text.nrfx_gpiote_in_is_set
                0x000000000001b94c       0x12 Output/Release/Obj/ble_app_blinky_pca10040e_s112/nrfx_gpiote.o
                0x000000000001b94c                nrfx_gpiote_in_is_set
 *fill*         0x000000000001b95e        0x2 
 .text.GPIOTE_IRQHandler
                0x000000000001b960      0x14c Output/Release/Obj/ble_app_blinky_pca10040e_s112/nrfx_gpiote.o
                0x000000000001b960                GPIOTE_IRQHandler
 .text.UARTE0_UART0_IRQHandler
                0x000000000001baac        0xc Output/Release/Obj/ble_app_blinky_pca10040e_s112/nrfx_prs.o
                0x000000000001baac                UARTE0_UART0_IRQHandler
 .text.nrfx_prs_acquire
                0x000000000001bab8       0x44 Output/Release/Obj/ble_app_blinky_pca10040e_s112/nrfx_prs.o
                0x000000000001bab8                nrfx_prs_acquire
 .text.nrfx_prs_release
                0x000000000001bafc       0x18 Output/Release/Obj/ble_app_blinky_pca10040e_s112/nrfx_prs.o
                0x000000000001bafc                nrfx_prs_release
 .text.nrf_uart_event_clear
                0x000000000001bb14       0x10 Output/Release/Obj/ble_app_blinky_pca10040e_s112/nrfx_uart.o
 .text.tx_byte  0x000000000001bb24       0x1e Output/Release/Obj/ble_app_blinky_pca10040e_s112/nrfx_uart.o
 .text.rx_byte  0x000000000001bb42       0x2c Output/Release/Obj/ble_app_blinky_pca10040e_s112/nrfx_uart.o
 *fill*         0x000000000001bb6e        0x2 
 .text.rx_done_event.constprop.0
                0x000000000001bb70       0x20 Output/Release/Obj/ble_app_blinky_pca10040e_s112/nrfx_uart.o
 .text.nrfx_uart_0_irq_handler
                0x000000000001bb90      0x140 Output/Release/Obj/ble_app_blinky_pca10040e_s112/nrfx_uart.o
                0x000000000001bb90                nrfx_uart_0_irq_handler
 .text.nrfx_uart_init
                0x000000000001bcd0      0x168 Output/Release/Obj/ble_app_blinky_pca10040e_s112/nrfx_uart.o
                0x000000000001bcd0                nrfx_uart_init
 .text.nrfx_uart_uninit
                0x000000000001be38       0xd4 Output/Release/Obj/ble_app_blinky_pca10040e_s112/nrfx_uart.o
                0x000000000001be38                nrfx_uart_uninit
 .text.nrfx_uart_tx_in_progress
                0x000000000001bf0c       0x18 Output/Release/Obj/ble_app_blinky_pca10040e_s112/nrfx_uart.o
                0x000000000001bf0c                nrfx_uart_tx_in_progress
 .text.nrfx_uart_tx
                0x000000000001bf24       0xa0 Output/Release/Obj/ble_app_blinky_pca10040e_s112/nrfx_uart.o
                0x000000000001bf24                nrfx_uart_tx
 .text.nrf_uarte_event_clear
                0x000000000001bfc4       0x10 Output/Release/Obj/ble_app_blinky_pca10040e_s112/nrfx_uarte.o
 .text.rx_done_event.constprop.0
                0x000000000001bfd4       0x20 Output/Release/Obj/ble_app_blinky_pca10040e_s112/nrfx_uarte.o
 .text.nrfx_uarte_0_irq_handler
                0x000000000001bff4      0x118 Output/Release/Obj/ble_app_blinky_pca10040e_s112/nrfx_uarte.o
                0x000000000001bff4                nrfx_uarte_0_irq_handler
 .text.nrfx_uarte_init
                0x000000000001c10c      0x184 Output/Release/Obj/ble_app_blinky_pca10040e_s112/nrfx_uarte.o
                0x000000000001c10c                nrfx_uarte_init
 .text.nrfx_uarte_uninit
                0x000000000001c290      0x120 Output/Release/Obj/ble_app_blinky_pca10040e_s112/nrfx_uarte.o
                0x000000000001c290                nrfx_uarte_uninit
 .text.nrfx_uarte_tx_in_progress
                0x000000000001c3b0       0x18 Output/Release/Obj/ble_app_blinky_pca10040e_s112/nrfx_uarte.o
                0x000000000001c3b0                nrfx_uarte_tx_in_progress
 .text.nrfx_uarte_tx
                0x000000000001c3c8       0x9c Output/Release/Obj/ble_app_blinky_pca10040e_s112/nrfx_uarte.o
                0x000000000001c3c8                nrfx_uarte_tx
 .text.sd_ble_gap_disconnect
                0x000000000001c464        0x4 Output/Release/Obj/ble_app_blinky_pca10040e_s112/main.o
 .text.sd_ble_gap_ppcp_set
                0x000000000001c468        0x4 Output/Release/Obj/ble_app_blinky_pca10040e_s112/main.o
 .text.sd_ble_gap_device_name_set
                0x000000000001c46c        0x4 Output/Release/Obj/ble_app_blinky_pca10040e_s112/main.o
 .text.sd_ble_gap_sec_params_reply
                0x000000000001c470        0x4 Output/Release/Obj/ble_app_blinky_pca10040e_s112/main.o
 .text.sd_ble_gap_phy_update
                0x000000000001c474        0x4 Output/Release/Obj/ble_app_blinky_pca10040e_s112/main.o
 .text.sd_ble_gatts_sys_attr_set
                0x000000000001c478        0x4 Output/Release/Obj/ble_app_blinky_pca10040e_s112/main.o
 .text.nrf_qwr_error_handler
                0x000000000001c47c        0x4 Output/Release/Obj/ble_app_blinky_pca10040e_s112/main.o
 .text.ble_evt_handler
                0x000000000001c480      0x100 Output/Release/Obj/ble_app_blinky_pca10040e_s112/main.o
 .text.on_conn_params_evt
                0x000000000001c580       0x20 Output/Release/Obj/ble_app_blinky_pca10040e_s112/main.o
 .text.button_event_handler
                0x000000000001c5a0       0x5c Output/Release/Obj/ble_app_blinky_pca10040e_s112/main.o
 .text.led_write_handler
                0x000000000001c5fc       0x3c Output/Release/Obj/ble_app_blinky_pca10040e_s112/main.o
 .text.conn_params_error_handler
                0x000000000001c638        0x4 Output/Release/Obj/ble_app_blinky_pca10040e_s112/main.o
 .text.startup.main
                0x000000000001c63c      0x184 Output/Release/Obj/ble_app_blinky_pca10040e_s112/main.o
                0x000000000001c63c                main
 .text.sd_ble_gap_adv_set_configure
                0x000000000001c7c0        0x4 Output/Release/Obj/ble_app_blinky_pca10040e_s112/advertiser.o
 .text.sd_ble_gap_adv_start
                0x000000000001c7c4        0x4 Output/Release/Obj/ble_app_blinky_pca10040e_s112/advertiser.o
 .text.sd_ble_gap_adv_stop
                0x000000000001c7c8        0x4 Output/Release/Obj/ble_app_blinky_pca10040e_s112/advertiser.o
 .text.sd_radio_notification_cfg_set
                0x000000000001c7cc        0x4 Output/Release/Obj/ble_app_blinky_pca10040e_s112/advertiser.o
 .text.advertising_encode_adv_data
                0x000000000001c7d0       0xa8 Output/Release/Obj/ble_app_blinky_pca10040e_s112/advertiser.o
 .text.ble_on_radio_active_evt
                0x000000000001c878       0x20 Output/Release/Obj/ble_app_blinky_pca10040e_s112/advertiser.o
 .text.advertising_init
                0x000000000001c898       0xd8 Output/Release/Obj/ble_app_blinky_pca10040e_s112/advertiser.o
                0x000000000001c898                advertising_init
 .text.advertising_start
                0x000000000001c970       0x98 Output/Release/Obj/ble_app_blinky_pca10040e_s112/advertiser.o
                0x000000000001c970                advertising_start
 .text.sd_ble_gap_addr_get
                0x000000000001ca08        0x4 Output/Release/Obj/ble_app_blinky_pca10040e_s112/ble_advdata.o
 .text.sd_ble_gap_appearance_get
                0x000000000001ca0c        0x4 Output/Release/Obj/ble_app_blinky_pca10040e_s112/ble_advdata.o
 .text.sd_ble_gap_device_name_get
                0x000000000001ca10        0x4 Output/Release/Obj/ble_app_blinky_pca10040e_s112/ble_advdata.o
 .text.sd_ble_uuid_encode
                0x000000000001ca14        0x4 Output/Release/Obj/ble_app_blinky_pca10040e_s112/ble_advdata.o
 .text.uuid_list_sized_encode
                0x000000000001ca18       0xac Output/Release/Obj/ble_app_blinky_pca10040e_s112/ble_advdata.o
 .text.uuid_list_encode
                0x000000000001cac4       0x38 Output/Release/Obj/ble_app_blinky_pca10040e_s112/ble_advdata.o
 .text.ble_advdata_encode
                0x000000000001cafc      0x392 Output/Release/Obj/ble_app_blinky_pca10040e_s112/ble_advdata.o
                0x000000000001cafc                ble_advdata_encode
 .text.sd_ble_gap_conn_param_update
                0x000000000001ce8e        0x4 Output/Release/Obj/ble_app_blinky_pca10040e_s112/ble_conn_params.o
 .text.sd_ble_gap_disconnect
                0x000000000001ce92        0x4 Output/Release/Obj/ble_app_blinky_pca10040e_s112/ble_conn_params.o
 .text.sd_ble_gap_ppcp_set
                0x000000000001ce96        0x4 Output/Release/Obj/ble_app_blinky_pca10040e_s112/ble_conn_params.o
 .text.sd_ble_gap_ppcp_get
                0x000000000001ce9a        0x4 Output/Release/Obj/ble_app_blinky_pca10040e_s112/ble_conn_params.o
 *fill*         0x000000000001ce9e        0x2 
 .text.instance_get
                0x000000000001cea0       0x14 Output/Release/Obj/ble_app_blinky_pca10040e_s112/ble_conn_params.o
 .text.send_error_evt
                0x000000000001ceb4       0x10 Output/Release/Obj/ble_app_blinky_pca10040e_s112/ble_conn_params.o
 .text.update_timeout_handler
                0x000000000001cec4       0x70 Output/Release/Obj/ble_app_blinky_pca10040e_s112/ble_conn_params.o
 .text.conn_params_negotiation
                0x000000000001cf34       0x48 Output/Release/Obj/ble_app_blinky_pca10040e_s112/ble_conn_params.o
 .text.is_conn_params_ok.constprop.0
                0x000000000001cf7c       0x32 Output/Release/Obj/ble_app_blinky_pca10040e_s112/ble_conn_params.o
 *fill*         0x000000000001cfae        0x2 
 .text.ble_evt_handler
                0x000000000001cfb0       0xe0 Output/Release/Obj/ble_app_blinky_pca10040e_s112/ble_conn_params.o
 .text.ble_conn_params_init
                0x000000000001d090       0x74 Output/Release/Obj/ble_app_blinky_pca10040e_s112/ble_conn_params.o
                0x000000000001d090                ble_conn_params_init
 .text.flag_toggle
                0x000000000001d104        0xa Output/Release/Obj/ble_app_blinky_pca10040e_s112/ble_conn_state.o
 .text.conn_handle_list_get
                0x000000000001d10e       0x2e Output/Release/Obj/ble_app_blinky_pca10040e_s112/ble_conn_state.o
                0x000000000001d10e                conn_handle_list_get
 .text.ble_evt_handler
                0x000000000001d13c       0xf4 Output/Release/Obj/ble_app_blinky_pca10040e_s112/ble_conn_state.o
 .text.sd_ble_gatts_characteristic_add
                0x000000000001d230        0x4 Output/Release/Obj/ble_app_blinky_pca10040e_s112/ble_srv_common.o
 .text.set_security_req
                0x000000000001d234       0x2a Output/Release/Obj/ble_app_blinky_pca10040e_s112/ble_srv_common.o
 .text.ble_srv_is_notification_enabled
                0x000000000001d25e        0x8 Output/Release/Obj/ble_app_blinky_pca10040e_s112/ble_srv_common.o
                0x000000000001d25e                ble_srv_is_notification_enabled
 .text.characteristic_add
                0x000000000001d266      0x154 Output/Release/Obj/ble_app_blinky_pca10040e_s112/ble_srv_common.o
                0x000000000001d266                characteristic_add
 .text.sd_ble_gattc_exchange_mtu_request
                0x000000000001d3ba        0x4 Output/Release/Obj/ble_app_blinky_pca10040e_s112/nrf_ble_gatt.o
 .text.sd_ble_gatts_exchange_mtu_reply
                0x000000000001d3be        0x4 Output/Release/Obj/ble_app_blinky_pca10040e_s112/nrf_ble_gatt.o
 .text.nrf_ble_gatt_init
                0x000000000001d3c2       0x1c Output/Release/Obj/ble_app_blinky_pca10040e_s112/nrf_ble_gatt.o
                0x000000000001d3c2                nrf_ble_gatt_init
 *fill*         0x000000000001d3de        0x2 
 .text.nrf_ble_gatt_on_ble_evt
                0x000000000001d3e0      0x14c Output/Release/Obj/ble_app_blinky_pca10040e_s112/nrf_ble_gatt.o
                0x000000000001d3e0                nrf_ble_gatt_on_ble_evt
 .text.sd_ble_gatts_rw_authorize_reply
                0x000000000001d52c        0x4 Output/Release/Obj/ble_app_blinky_pca10040e_s112/nrf_ble_qwr.o
 .text.sd_ble_user_mem_reply
                0x000000000001d530        0x4 Output/Release/Obj/ble_app_blinky_pca10040e_s112/nrf_ble_qwr.o
 .text.user_mem_reply.part.0
                0x000000000001d534       0x24 Output/Release/Obj/ble_app_blinky_pca10040e_s112/nrf_ble_qwr.o
 .text.nrf_ble_qwr_init
                0x000000000001d558       0x24 Output/Release/Obj/ble_app_blinky_pca10040e_s112/nrf_ble_qwr.o
                0x000000000001d558                nrf_ble_qwr_init
 .text.nrf_ble_qwr_conn_handle_assign
                0x000000000001d57c       0x16 Output/Release/Obj/ble_app_blinky_pca10040e_s112/nrf_ble_qwr.o
                0x000000000001d57c                nrf_ble_qwr_conn_handle_assign
 .text.nrf_ble_qwr_on_ble_evt
                0x000000000001d592       0xa6 Output/Release/Obj/ble_app_blinky_pca10040e_s112/nrf_ble_qwr.o
                0x000000000001d592                nrf_ble_qwr_on_ble_evt
 .text.sd_radio_notification_cfg_set
                0x000000000001d638        0x4 Output/Release/Obj/ble_app_blinky_pca10040e_s112/ble_radio_notification.o
 .text.SWI1_EGU1_IRQHandler
                0x000000000001d63c       0x1c Output/Release/Obj/ble_app_blinky_pca10040e_s112/ble_radio_notification.o
                0x000000000001d63c                SWI1_EGU1_IRQHandler
 .text.ble_radio_notification_init
                0x000000000001d658       0x60 Output/Release/Obj/ble_app_blinky_pca10040e_s112/ble_radio_notification.o
                0x000000000001d658                ble_radio_notification_init
 .text.sd_ble_gatts_service_add
                0x000000000001d6b8        0x4 Output/Release/Obj/ble_app_blinky_pca10040e_s112/ble_lbs.o
 .text.sd_ble_gatts_hvx
                0x000000000001d6bc        0x4 Output/Release/Obj/ble_app_blinky_pca10040e_s112/ble_lbs.o
 .text.sd_ble_uuid_vs_add
                0x000000000001d6c0        0x4 Output/Release/Obj/ble_app_blinky_pca10040e_s112/ble_lbs.o
 .text.ble_lbs_on_ble_evt
                0x000000000001d6c4       0x26 Output/Release/Obj/ble_app_blinky_pca10040e_s112/ble_lbs.o
                0x000000000001d6c4                ble_lbs_on_ble_evt
 *fill*         0x000000000001d6ea        0x2 
 .text.ble_lbs_init
                0x000000000001d6ec       0xdc Output/Release/Obj/ble_app_blinky_pca10040e_s112/ble_lbs.o
                0x000000000001d6ec                ble_lbs_init
 .text.ble_lbs_on_button_change
                0x000000000001d7c8       0x40 Output/Release/Obj/ble_app_blinky_pca10040e_s112/ble_lbs.o
                0x000000000001d7c8                ble_lbs_on_button_change
 .text.sd_softdevice_enable
                0x000000000001d808        0x4 Output/Release/Obj/ble_app_blinky_pca10040e_s112/nrf_sdh.o
 .text.sdh_request_observer_notify
                0x000000000001d80c       0x30 Output/Release/Obj/ble_app_blinky_pca10040e_s112/nrf_sdh.o
 .text.sdh_state_observer_notify
                0x000000000001d83c       0x28 Output/Release/Obj/ble_app_blinky_pca10040e_s112/nrf_sdh.o
 .text.softdevices_evt_irq_enable
                0x000000000001d864       0x38 Output/Release/Obj/ble_app_blinky_pca10040e_s112/nrf_sdh.o
 .text.nrf_sdh_enable_request
                0x000000000001d89c       0x7c Output/Release/Obj/ble_app_blinky_pca10040e_s112/nrf_sdh.o
                0x000000000001d89c                nrf_sdh_enable_request
 .text.nrf_sdh_is_enabled
                0x000000000001d918        0xc Output/Release/Obj/ble_app_blinky_pca10040e_s112/nrf_sdh.o
                0x000000000001d918                nrf_sdh_is_enabled
 .text.nrf_sdh_evts_poll
                0x000000000001d924       0x28 Output/Release/Obj/ble_app_blinky_pca10040e_s112/nrf_sdh.o
                0x000000000001d924                nrf_sdh_evts_poll
 .text.SWI2_IRQHandler
                0x000000000001d94c        0x4 Output/Release/Obj/ble_app_blinky_pca10040e_s112/nrf_sdh.o
                0x000000000001d94c                SWI2_IRQHandler
 .text.sd_ble_enable
                0x000000000001d950        0x4 Output/Release/Obj/ble_app_blinky_pca10040e_s112/nrf_sdh_ble.o
 .text.sd_ble_cfg_set
                0x000000000001d954        0x4 Output/Release/Obj/ble_app_blinky_pca10040e_s112/nrf_sdh_ble.o
 .text.sd_ble_evt_get
                0x000000000001d958        0x4 Output/Release/Obj/ble_app_blinky_pca10040e_s112/nrf_sdh_ble.o
 .text.nrf_sdh_ble_evts_poll
                0x000000000001d95c       0x58 Output/Release/Obj/ble_app_blinky_pca10040e_s112/nrf_sdh_ble.o
 .text.nrf_sdh_ble_default_cfg_set
                0x000000000001d9b4      0x160 Output/Release/Obj/ble_app_blinky_pca10040e_s112/nrf_sdh_ble.o
                0x000000000001d9b4                nrf_sdh_ble_default_cfg_set
 .text.nrf_sdh_ble_enable
                0x000000000001db14       0x94 Output/Release/Obj/ble_app_blinky_pca10040e_s112/nrf_sdh_ble.o
                0x000000000001db14                nrf_sdh_ble_enable
 .text.sd_evt_get
                0x000000000001dba8        0x4 Output/Release/Obj/ble_app_blinky_pca10040e_s112/nrf_sdh_soc.o
 .text.nrf_sdh_soc_evts_poll
                0x000000000001dbac       0x40 Output/Release/Obj/ble_app_blinky_pca10040e_s112/nrf_sdh_soc.o
 .text.libc.__RAL_ascii_isctype
                0x000000000001dbec       0x1c C:/Program Files/SEGGER/SEGGER Embedded Studio for ARM 5.42a/lib/libc_v7em_t_le_eabi.a(libc2.o)
 .text.libc.__RAL_ascii_toupper
                0x000000000001dc08        0xc C:/Program Files/SEGGER/SEGGER Embedded Studio for ARM 5.42a/lib/libc_v7em_t_le_eabi.a(libc2.o)
 .text.libc.__RAL_ascii_tolower
                0x000000000001dc14        0xc C:/Program Files/SEGGER/SEGGER Embedded Studio for ARM 5.42a/lib/libc_v7em_t_le_eabi.a(libc2.o)
 .text.libc.__RAL_ascii_iswctype
                0x000000000001dc20       0x1c C:/Program Files/SEGGER/SEGGER Embedded Studio for ARM 5.42a/lib/libc_v7em_t_le_eabi.a(libc2.o)
 .text.libc.__RAL_ascii_towupper
                0x000000000001dc3c        0xc C:/Program Files/SEGGER/SEGGER Embedded Studio for ARM 5.42a/lib/libc_v7em_t_le_eabi.a(libc2.o)
 .text.libc.__RAL_ascii_towlower
                0x000000000001dc48        0xc C:/Program Files/SEGGER/SEGGER Embedded Studio for ARM 5.42a/lib/libc_v7em_t_le_eabi.a(libc2.o)
 .text.libc.__RAL_ascii_wctomb
                0x000000000001dc54        0xe C:/Program Files/SEGGER/SEGGER Embedded Studio for ARM 5.42a/lib/libc_v7em_t_le_eabi.a(libc2.o)
                0x000000000001dc54                __RAL_ascii_wctomb
 .text.libc.__RAL_ascii_mbtowc
                0x000000000001dc62       0x24 C:/Program Files/SEGGER/SEGGER Embedded Studio for ARM 5.42a/lib/libc_v7em_t_le_eabi.a(libc2.o)
                0x000000000001dc62                __RAL_ascii_mbtowc
 *fill*         0x000000000001dc86        0x2 
 .text.libc.__RAL_isctype
                0x000000000001dc88       0x14 C:/Program Files/SEGGER/SEGGER Embedded Studio for ARM 5.42a/lib/libc_v7em_t_le_eabi.a(libc2.o)
                0x000000000001dc88                __RAL_isctype
 .text.libc.isprint
                0x000000000001dc9c        0xa C:/Program Files/SEGGER/SEGGER Embedded Studio for ARM 5.42a/lib/libc_v7em_t_le_eabi.a(libc2.o)
                0x000000000001dc9c                isprint
 .text.libc.memcpy
                0x000000000001dca6       0x52 C:/Program Files/SEGGER/SEGGER Embedded Studio for ARM 5.42a/lib/libc_v7em_t_le_eabi.a(libc2_asm.o)
                0x000000000001dca6                __aeabi_memcpy
                0x000000000001dca6                memcpy
                0x000000000001dcb2                __aeabi_memcpy8
                0x000000000001dcb2                __aeabi_memcpy4
 .text.libc.memset
                0x000000000001dcf8       0x66 C:/Program Files/SEGGER/SEGGER Embedded Studio for ARM 5.42a/lib/libc_v7em_t_le_eabi.a(libc2_asm.o)
                0x000000000001dcf8                memset
 .text.libc.strlen
                0x000000000001dd5e       0x60 C:/Program Files/SEGGER/SEGGER Embedded Studio for ARM 5.42a/lib/libc_v7em_t_le_eabi.a(libc2_asm.o)
                0x000000000001dd5e                strlen
                0x000000000001ddbe                __text_end__ = (__text_start__ + SIZEOF (.text))
                0x00000000000049d2                __text_size__ = SIZEOF (.text)
                0x000000000001ddbe                __text_load_end__ = __text_end__

.vfp11_veneer   0x0000000100000000        0x0
 .vfp11_veneer  0x0000000100000000        0x0 linker stubs

.v4_bx          0x0000000100000000        0x0
 .v4_bx         0x0000000100000000        0x0 linker stubs

.iplt           0x0000000100000000        0x0
 .iplt          0x0000000100000000        0x0 Output/Release/Obj/ble_app_blinky_pca10040e_s112/thumb_crt0.o
                0x0000000000000001                . = ASSERT (((__text_start__ == __text_end__) || ((__text_end__ - __FLASH_segment_start__) <= __FLASH_segment_size__)), error: .text is too large to fit in FLASH memory segment)
                0x000000000001ddc0                __sdh_soc_observers_load_start__ = ALIGN (__text_end__, 0x4)

.sdh_soc_observers
                0x000000000001ddc0        0x8
                0x000000000001ddc0                __sdh_soc_observers_start__ = .
                0x000000000001ddc0                __start_sdh_soc_observers = __sdh_soc_observers_start__
 *(SORT_BY_NAME(.sdh_soc_observers*))
 .sdh_soc_observers0
                0x000000000001ddc0        0x8 Output/Release/Obj/ble_app_blinky_pca10040e_s112/nrf_drv_clock.o
                0x000000000001ddc8                __sdh_soc_observers_end__ = (__sdh_soc_observers_start__ + SIZEOF (.sdh_soc_observers))
                0x0000000000000008                __sdh_soc_observers_size__ = SIZEOF (.sdh_soc_observers)
                0x000000000001ddc8                __stop_sdh_soc_observers = __sdh_soc_observers_end__
                0x000000000001ddc8                __sdh_soc_observers_load_end__ = __sdh_soc_observers_end__
                0x0000000000000001                . = ASSERT (((__sdh_soc_observers_start__ == __sdh_soc_observers_end__) || ((__sdh_soc_observers_end__ - __FLASH_segment_start__) <= __FLASH_segment_size__)), error: .sdh_soc_observers is too large to fit in FLASH memory segment)
                0x000000000001ddc8                __pwr_mgmt_data_load_start__ = ALIGN (__sdh_soc_observers_end__, 0x4)

.pwr_mgmt_data  0x000000000001ddc8        0x0
                0x000000000001ddc8                __pwr_mgmt_data_start__ = .
                0x000000000001ddc8                __start_pwr_mgmt_data = __pwr_mgmt_data_start__
 *(SORT_BY_NAME(.pwr_mgmt_data*))
                0x000000000001ddc8                __pwr_mgmt_data_end__ = (__pwr_mgmt_data_start__ + SIZEOF (.pwr_mgmt_data))
                0x0000000000000000                __pwr_mgmt_data_size__ = SIZEOF (.pwr_mgmt_data)
                0x000000000001ddc8                __stop_pwr_mgmt_data = __pwr_mgmt_data_end__
                0x000000000001ddc8                __pwr_mgmt_data_load_end__ = __pwr_mgmt_data_end__
                0x0000000000000001                . = ASSERT (((__pwr_mgmt_data_start__ == __pwr_mgmt_data_end__) || ((__pwr_mgmt_data_end__ - __FLASH_segment_start__) <= __FLASH_segment_size__)), error: .pwr_mgmt_data is too large to fit in FLASH memory segment)
                0x000000000001ddc8                __sdh_ble_observers_load_start__ = ALIGN (__pwr_mgmt_data_end__, 0x4)

.sdh_ble_observers
                0x000000000001ddc8       0x30
                0x000000000001ddc8                __sdh_ble_observers_start__ = .
                0x000000000001ddc8                __start_sdh_ble_observers = __sdh_ble_observers_start__
 *(SORT_BY_NAME(.sdh_ble_observers*))
 .sdh_ble_observers0
                0x000000000001ddc8        0x8 Output/Release/Obj/ble_app_blinky_pca10040e_s112/ble_conn_state.o
 .sdh_ble_observers1
                0x000000000001ddd0        0x8 Output/Release/Obj/ble_app_blinky_pca10040e_s112/main.o
 .sdh_ble_observers1
                0x000000000001ddd8        0x8 Output/Release/Obj/ble_app_blinky_pca10040e_s112/ble_conn_params.o
 .sdh_ble_observers2
                0x000000000001dde0       0x10 Output/Release/Obj/ble_app_blinky_pca10040e_s112/main.o
 .sdh_ble_observers3
                0x000000000001ddf0        0x8 Output/Release/Obj/ble_app_blinky_pca10040e_s112/main.o
                0x000000000001ddf8                __sdh_ble_observers_end__ = (__sdh_ble_observers_start__ + SIZEOF (.sdh_ble_observers))
                0x0000000000000030                __sdh_ble_observers_size__ = SIZEOF (.sdh_ble_observers)
                0x000000000001ddf8                __stop_sdh_ble_observers = __sdh_ble_observers_end__
                0x000000000001ddf8                __sdh_ble_observers_load_end__ = __sdh_ble_observers_end__
                0x0000000000000001                . = ASSERT (((__sdh_ble_observers_start__ == __sdh_ble_observers_end__) || ((__sdh_ble_observers_end__ - __FLASH_segment_start__) <= __FLASH_segment_size__)), error: .sdh_ble_observers is too large to fit in FLASH memory segment)
                0x000000000001ddf8                __sdh_req_observers_load_start__ = ALIGN (__sdh_ble_observers_end__, 0x4)

.sdh_req_observers
                0x000000000001ddf8        0x0
                0x000000000001ddf8                __sdh_req_observers_start__ = .
                0x000000000001ddf8                __start_sdh_req_observers = __sdh_req_observers_start__
 *(SORT_BY_NAME(.sdh_req_observers*))
                0x000000000001ddf8                __sdh_req_observers_end__ = (__sdh_req_observers_start__ + SIZEOF (.sdh_req_observers))
                0x0000000000000000                __sdh_req_observers_size__ = SIZEOF (.sdh_req_observers)
                0x000000000001ddf8                __stop_sdh_req_observers = __sdh_req_observers_end__
                0x000000000001ddf8                __sdh_req_observers_load_end__ = __sdh_req_observers_end__
                0x0000000000000001                . = ASSERT (((__sdh_req_observers_start__ == __sdh_req_observers_end__) || ((__sdh_req_observers_end__ - __FLASH_segment_start__) <= __FLASH_segment_size__)), error: .sdh_req_observers is too large to fit in FLASH memory segment)
                0x000000000001ddf8                __sdh_state_observers_load_start__ = ALIGN (__sdh_req_observers_end__, 0x4)

.sdh_state_observers
                0x000000000001ddf8        0x8
                0x000000000001ddf8                __sdh_state_observers_start__ = .
                0x000000000001ddf8                __start_sdh_state_observers = __sdh_state_observers_start__
 *(SORT_BY_NAME(.sdh_state_observers*))
 .sdh_state_observers0
                0x000000000001ddf8        0x8 Output/Release/Obj/ble_app_blinky_pca10040e_s112/nrf_drv_clock.o
                0x000000000001de00                __sdh_state_observers_end__ = (__sdh_state_observers_start__ + SIZEOF (.sdh_state_observers))
                0x0000000000000008                __sdh_state_observers_size__ = SIZEOF (.sdh_state_observers)
                0x000000000001de00                __stop_sdh_state_observers = __sdh_state_observers_end__
                0x000000000001de00                __sdh_state_observers_load_end__ = __sdh_state_observers_end__
                0x0000000000000001                . = ASSERT (((__sdh_state_observers_start__ == __sdh_state_observers_end__) || ((__sdh_state_observers_end__ - __FLASH_segment_start__) <= __FLASH_segment_size__)), error: .sdh_state_observers is too large to fit in FLASH memory segment)
                0x000000000001de00                __sdh_stack_observers_load_start__ = ALIGN (__sdh_state_observers_end__, 0x4)

.sdh_stack_observers
                0x000000000001de00       0x10
                0x000000000001de00                __sdh_stack_observers_start__ = .
                0x000000000001de00                __start_sdh_stack_observers = __sdh_stack_observers_start__
 *(SORT_BY_NAME(.sdh_stack_observers*))
 .sdh_stack_observers0
                0x000000000001de00        0x8 Output/Release/Obj/ble_app_blinky_pca10040e_s112/nrf_sdh_ble.o
 .sdh_stack_observers0
                0x000000000001de08        0x8 Output/Release/Obj/ble_app_blinky_pca10040e_s112/nrf_sdh_soc.o
                0x000000000001de10                __sdh_stack_observers_end__ = (__sdh_stack_observers_start__ + SIZEOF (.sdh_stack_observers))
                0x0000000000000010                __sdh_stack_observers_size__ = SIZEOF (.sdh_stack_observers)
                0x000000000001de10                __stop_sdh_stack_observers = __sdh_stack_observers_end__
                0x000000000001de10                __sdh_stack_observers_load_end__ = __sdh_stack_observers_end__
                0x0000000000000001                . = ASSERT (((__sdh_stack_observers_start__ == __sdh_stack_observers_end__) || ((__sdh_stack_observers_end__ - __FLASH_segment_start__) <= __FLASH_segment_size__)), error: .sdh_stack_observers is too large to fit in FLASH memory segment)
                0x000000000001de10                __nrf_queue_load_start__ = ALIGN (__sdh_stack_observers_end__, 0x4)

.nrf_queue      0x000000000001de10        0x0
                0x000000000001de10                __nrf_queue_start__ = .
                0x000000000001de10                __start_nrf_queue = __nrf_queue_start__
 *(.nrf_queue*)
                0x000000000001de10                __nrf_queue_end__ = (__nrf_queue_start__ + SIZEOF (.nrf_queue))
                0x0000000000000000                __nrf_queue_size__ = SIZEOF (.nrf_queue)
                0x000000000001de10                __stop_nrf_queue = __nrf_queue_end__
                0x000000000001de10                __nrf_queue_load_end__ = __nrf_queue_end__
                0x0000000000000001                . = ASSERT (((__nrf_queue_start__ == __nrf_queue_end__) || ((__nrf_queue_end__ - __FLASH_segment_start__) <= __FLASH_segment_size__)), error: .nrf_queue is too large to fit in FLASH memory segment)
                0x000000000001de10                __nrf_balloc_load_start__ = ALIGN (__nrf_queue_end__, 0x4)

.nrf_balloc     0x000000000001de10       0x14
                0x000000000001de10                __nrf_balloc_start__ = .
                0x000000000001de10                __start_nrf_balloc = __nrf_balloc_start__
 *(.nrf_balloc*)
 .nrf_balloc    0x000000000001de10       0x14 Output/Release/Obj/ble_app_blinky_pca10040e_s112/nrf_log_frontend.o
                0x000000000001de10                log_mempool
                0x000000000001de24                __nrf_balloc_end__ = (__nrf_balloc_start__ + SIZEOF (.nrf_balloc))
                0x0000000000000014                __nrf_balloc_size__ = SIZEOF (.nrf_balloc)
                0x000000000001de24                __stop_nrf_balloc = __nrf_balloc_end__
                0x000000000001de24                __nrf_balloc_load_end__ = __nrf_balloc_end__
                0x0000000000000001                . = ASSERT (((__nrf_balloc_start__ == __nrf_balloc_end__) || ((__nrf_balloc_end__ - __FLASH_segment_start__) <= __FLASH_segment_size__)), error: .nrf_balloc is too large to fit in FLASH memory segment)
                0x000000000001de24                __cli_command_load_start__ = ALIGN (__nrf_balloc_end__, 0x4)

.cli_command    0x000000000001de24        0x0
                0x000000000001de24                __cli_command_start__ = .
                0x000000000001de24                __start_cli_command = __cli_command_start__
 *(.cli_command*)
                0x000000000001de24                __cli_command_end__ = (__cli_command_start__ + SIZEOF (.cli_command))
                0x0000000000000000                __cli_command_size__ = SIZEOF (.cli_command)
                0x000000000001de24                __stop_cli_command = __cli_command_end__
                0x000000000001de24                __cli_command_load_end__ = __cli_command_end__
                0x0000000000000001                . = ASSERT (((__cli_command_start__ == __cli_command_end__) || ((__cli_command_end__ - __FLASH_segment_start__) <= __FLASH_segment_size__)), error: .cli_command is too large to fit in FLASH memory segment)
                0x000000000001de24                __crypto_data_load_start__ = ALIGN (__cli_command_end__, 0x4)

.crypto_data    0x000000000001de24        0x0
                0x000000000001de24                __crypto_data_start__ = .
                0x000000000001de24                __start_crypto_data = __crypto_data_start__
 *(SORT_BY_NAME(.crypto_data*))
                0x000000000001de24                __crypto_data_end__ = (__crypto_data_start__ + SIZEOF (.crypto_data))
                0x0000000000000000                __crypto_data_size__ = SIZEOF (.crypto_data)
                0x000000000001de24                __stop_crypto_data = __crypto_data_end__
                0x000000000001de24                __crypto_data_load_end__ = __crypto_data_end__
                0x0000000000000001                . = ASSERT (((__crypto_data_start__ == __crypto_data_end__) || ((__crypto_data_end__ - __FLASH_segment_start__) <= __FLASH_segment_size__)), error: .crypto_data is too large to fit in FLASH memory segment)
                0x000000000001de24                __log_const_data_load_start__ = ALIGN (__crypto_data_end__, 0x4)

.log_const_data
                0x000000000001de24       0x78
                0x000000000001de24                __log_const_data_start__ = .
                0x000000000001de24                __start_log_const_data = __log_const_data_start__
 *(SORT_BY_NAME(.log_const_data*))
 .log_const_data_CLOCK
                0x000000000001de24        0x8 Output/Release/Obj/ble_app_blinky_pca10040e_s112/nrfx_clock.o
                0x000000000001de24                m_nrf_log_CLOCK_logs_data_const
 .log_const_data_GPIOTE
                0x000000000001de2c        0x8 Output/Release/Obj/ble_app_blinky_pca10040e_s112/nrfx_gpiote.o
                0x000000000001de2c                m_nrf_log_GPIOTE_logs_data_const
 .log_const_data_PRS
                0x000000000001de34        0x8 Output/Release/Obj/ble_app_blinky_pca10040e_s112/nrfx_prs.o
                0x000000000001de34                m_nrf_log_PRS_logs_data_const
 .log_const_data_UART
                0x000000000001de3c        0x8 Output/Release/Obj/ble_app_blinky_pca10040e_s112/nrfx_uart.o
                0x000000000001de3c                m_nrf_log_UART_logs_data_const
 .log_const_data_UARTE
                0x000000000001de44        0x8 Output/Release/Obj/ble_app_blinky_pca10040e_s112/nrfx_uarte.o
                0x000000000001de44                m_nrf_log_UARTE_logs_data_const
 .log_const_data_app
                0x000000000001de4c        0x8 Output/Release/Obj/ble_app_blinky_pca10040e_s112/nrf_log_frontend.o
                0x000000000001de4c                m_nrf_log_app_logs_data_const
 .log_const_data_app_button
                0x000000000001de54        0x8 Output/Release/Obj/ble_app_blinky_pca10040e_s112/app_button.o
                0x000000000001de54                m_nrf_log_app_button_logs_data_const
 .log_const_data_app_timer
                0x000000000001de5c        0x8 Output/Release/Obj/ble_app_blinky_pca10040e_s112/app_timer2.o
                0x000000000001de5c                m_nrf_log_app_timer_logs_data_const
 .log_const_data_clock
                0x000000000001de64        0x8 Output/Release/Obj/ble_app_blinky_pca10040e_s112/nrf_drv_clock.o
                0x000000000001de64                m_nrf_log_clock_logs_data_const
 .log_const_data_nrf_ble_gatt
                0x000000000001de6c        0x8 Output/Release/Obj/ble_app_blinky_pca10040e_s112/nrf_ble_gatt.o
                0x000000000001de6c                m_nrf_log_nrf_ble_gatt_logs_data_const
 .log_const_data_nrf_sdh
                0x000000000001de74        0x8 Output/Release/Obj/ble_app_blinky_pca10040e_s112/nrf_sdh.o
                0x000000000001de74                m_nrf_log_nrf_sdh_logs_data_const
 .log_const_data_nrf_sdh_ble
                0x000000000001de7c        0x8 Output/Release/Obj/ble_app_blinky_pca10040e_s112/nrf_sdh_ble.o
                0x000000000001de7c                m_nrf_log_nrf_sdh_ble_logs_data_const
 .log_const_data_nrf_sdh_soc
                0x000000000001de84        0x8 Output/Release/Obj/ble_app_blinky_pca10040e_s112/nrf_sdh_soc.o
                0x000000000001de84                m_nrf_log_nrf_sdh_soc_logs_data_const
 .log_const_data_pwr_mgmt
                0x000000000001de8c        0x8 Output/Release/Obj/ble_app_blinky_pca10040e_s112/nrf_pwr_mgmt.o
                0x000000000001de8c                m_nrf_log_pwr_mgmt_logs_data_const
 .log_const_data_sortlist
                0x000000000001de94        0x8 Output/Release/Obj/ble_app_blinky_pca10040e_s112/nrf_sortlist.o
                0x000000000001de94                m_nrf_log_sortlist_logs_data_const
                0x000000000001de9c                __log_const_data_end__ = (__log_const_data_start__ + SIZEOF (.log_const_data))
                0x0000000000000078                __log_const_data_size__ = SIZEOF (.log_const_data)
                0x000000000001de9c                __stop_log_const_data = __log_const_data_end__
                0x000000000001de9c                __log_const_data_load_end__ = __log_const_data_end__
                0x0000000000000001                . = ASSERT (((__log_const_data_start__ == __log_const_data_end__) || ((__log_const_data_end__ - __FLASH_segment_start__) <= __FLASH_segment_size__)), error: .log_const_data is too large to fit in FLASH memory segment)
                0x000000000001de9c                __log_backends_load_start__ = ALIGN (__log_const_data_end__, 0x4)

.log_backends   0x000000000001de9c       0x10
                0x000000000001de9c                __log_backends_start__ = .
                0x000000000001de9c                __start_log_backends = __log_backends_start__
 *(SORT_BY_NAME(.log_backends*))
 .log_backends  0x000000000001de9c       0x10 Output/Release/Obj/ble_app_blinky_pca10040e_s112/nrf_log_default_backends.o
                0x000000000001deac                __log_backends_end__ = (__log_backends_start__ + SIZEOF (.log_backends))
                0x0000000000000010                __log_backends_size__ = SIZEOF (.log_backends)
                0x000000000001deac                __stop_log_backends = __log_backends_end__
                0x000000000001deac                __log_backends_load_end__ = __log_backends_end__
                0x0000000000000001                . = ASSERT (((__log_backends_start__ == __log_backends_end__) || ((__log_backends_end__ - __FLASH_segment_start__) <= __FLASH_segment_size__)), error: .log_backends is too large to fit in FLASH memory segment)
                0x000000000001deac                __nrf_sections_load_start__ = ALIGN (__log_backends_end__, 0x4)

.nrf_sections   0x000000000001deac        0x0
                0x000000000001deac                __nrf_sections_start__ = .
                0x000000000001deac                __start_nrf_sections = __nrf_sections_start__
 *(.nrf_sections .nrf_sections.*)
                0x000000000001deac                __nrf_sections_end__ = (__nrf_sections_start__ + SIZEOF (.nrf_sections))
                0x0000000000000000                __nrf_sections_size__ = SIZEOF (.nrf_sections)
                0x000000000001deac                __nrf_sections_load_end__ = __nrf_sections_end__
                0x0000000000000001                . = ASSERT (((__nrf_sections_start__ == __nrf_sections_end__) || ((__nrf_sections_end__ - __FLASH_segment_start__) <= __FLASH_segment_size__)), error: .nrf_sections is too large to fit in FLASH memory segment)
                0x000000000001deac                __cli_sorted_cmd_ptrs_load_start__ = ALIGN (__nrf_sections_end__, 0x4)

.cli_sorted_cmd_ptrs
                0x0000000020001ae0        0x0 load address 0x000000000001deac
                0x0000000020001ae0                __cli_sorted_cmd_ptrs_start__ = .
 *(.cli_sorted_cmd_ptrs*)
                0x0000000020001ae0                __cli_sorted_cmd_ptrs_end__ = (__cli_sorted_cmd_ptrs_start__ + SIZEOF (.cli_sorted_cmd_ptrs))
                0x0000000000000000                __cli_sorted_cmd_ptrs_size__ = SIZEOF (.cli_sorted_cmd_ptrs)
                0x000000000001deac                __cli_sorted_cmd_ptrs_load_end__ = (__cli_sorted_cmd_ptrs_load_start__ + SIZEOF (.cli_sorted_cmd_ptrs))
                0x0000000000000001                . = ASSERT (((__cli_sorted_cmd_ptrs_load_start__ == __cli_sorted_cmd_ptrs_load_end__) || ((__cli_sorted_cmd_ptrs_load_end__ - __FLASH_segment_start__) <= __FLASH_segment_size__)), error: .cli_sorted_cmd_ptrs is too large to fit in FLASH memory segment)

.cli_sorted_cmd_ptrs_run
                0x0000000020001ae0        0x0
                0x0000000020001ae0                __cli_sorted_cmd_ptrs_run_start__ = .
                0x0000000020001ae0                __start_cli_sorted_cmd_ptrs = __cli_sorted_cmd_ptrs_run_start__
                0x0000000020001ae0                __cli_sorted_cmd_ptrs_run_end__ = (__cli_sorted_cmd_ptrs_run_start__ + SIZEOF (.cli_sorted_cmd_ptrs))
                0x0000000000000000                __cli_sorted_cmd_ptrs_run_size__ = (__cli_sorted_cmd_ptrs_run_end__ - __cli_sorted_cmd_ptrs_run_start__)
                0x0000000020001ae0                __stop_cli_sorted_cmd_ptrs = __cli_sorted_cmd_ptrs_run_end__
                0x0000000020001ae0                __cli_sorted_cmd_ptrs_run_load_end__ = __cli_sorted_cmd_ptrs_run_end__
                0x0000000000000001                . = ASSERT (((__cli_sorted_cmd_ptrs_run_start__ == __cli_sorted_cmd_ptrs_run_end__) || ((__cli_sorted_cmd_ptrs_run_end__ - __RAM1_segment_start__) <= __RAM1_segment_size__)), error: .cli_sorted_cmd_ptrs_run is too large to fit in RAM1 memory segment)
                0x000000000001deac                __fs_data_load_start__ = ALIGN ((__cli_sorted_cmd_ptrs_load_start__ + SIZEOF (.cli_sorted_cmd_ptrs)), 0x4)

.fs_data        0x0000000020001ae0        0x0 load address 0x000000000001deac
                0x0000000020001ae0                __fs_data_start__ = .
 *(.fs_data*)
                0x0000000020001ae0                __fs_data_end__ = (__fs_data_start__ + SIZEOF (.fs_data))
                0x0000000000000000                __fs_data_size__ = SIZEOF (.fs_data)
                0x000000000001deac                __fs_data_load_end__ = (__fs_data_load_start__ + SIZEOF (.fs_data))
                0x0000000000000001                . = ASSERT (((__fs_data_load_start__ == __fs_data_load_end__) || ((__fs_data_load_end__ - __FLASH_segment_start__) <= __FLASH_segment_size__)), error: .fs_data is too large to fit in FLASH memory segment)

.fs_data_run    0x0000000020001ae0        0x0
                0x0000000020001ae0                __fs_data_run_start__ = .
                0x0000000020001ae0                __start_fs_data = __fs_data_run_start__
                0x0000000020001ae0                __fs_data_run_end__ = (__fs_data_run_start__ + SIZEOF (.fs_data))
                0x0000000000000000                __fs_data_run_size__ = (__fs_data_run_end__ - __fs_data_run_start__)
                0x0000000020001ae0                __stop_fs_data = __fs_data_run_end__
                0x0000000020001ae0                __fs_data_run_load_end__ = __fs_data_run_end__
                0x0000000000000001                . = ASSERT (((__fs_data_run_start__ == __fs_data_run_end__) || ((__fs_data_run_end__ - __RAM1_segment_start__) <= __RAM1_segment_size__)), error: .fs_data_run is too large to fit in RAM1 memory segment)
                0x000000000001deac                __log_dynamic_data_load_start__ = ALIGN ((__fs_data_load_start__ + SIZEOF (.fs_data)), 0x4)

.log_dynamic_data
                0x0000000020001ae0        0x0 load address 0x000000000001deac
                0x0000000020001ae0                __log_dynamic_data_start__ = .
 *(SORT_BY_NAME(.log_dynamic_data*))
                0x0000000020001ae0                __log_dynamic_data_end__ = (__log_dynamic_data_start__ + SIZEOF (.log_dynamic_data))
                0x0000000000000000                __log_dynamic_data_size__ = SIZEOF (.log_dynamic_data)
                0x000000000001deac                __log_dynamic_data_load_end__ = (__log_dynamic_data_load_start__ + SIZEOF (.log_dynamic_data))
                0x0000000000000001                . = ASSERT (((__log_dynamic_data_load_start__ == __log_dynamic_data_load_end__) || ((__log_dynamic_data_load_end__ - __FLASH_segment_start__) <= __FLASH_segment_size__)), error: .log_dynamic_data is too large to fit in FLASH memory segment)

.log_dynamic_data_run
                0x0000000020001ae0        0x0
                0x0000000020001ae0                __log_dynamic_data_run_start__ = .
                0x0000000020001ae0                __start_log_dynamic_data = __log_dynamic_data_run_start__
                0x0000000020001ae0                __log_dynamic_data_run_end__ = (__log_dynamic_data_run_start__ + SIZEOF (.log_dynamic_data))
                0x0000000000000000                __log_dynamic_data_run_size__ = (__log_dynamic_data_run_end__ - __log_dynamic_data_run_start__)
                0x0000000020001ae0                __stop_log_dynamic_data = __log_dynamic_data_run_end__
                0x0000000020001ae0                __log_dynamic_data_run_load_end__ = __log_dynamic_data_run_end__
                0x0000000000000001                . = ASSERT (((__log_dynamic_data_run_start__ == __log_dynamic_data_run_end__) || ((__log_dynamic_data_run_end__ - __RAM1_segment_start__) <= __RAM1_segment_size__)), error: .log_dynamic_data_run is too large to fit in RAM1 memory segment)
                0x000000000001deac                __log_filter_data_load_start__ = ALIGN ((__log_dynamic_data_load_start__ + SIZEOF (.log_dynamic_data)), 0x4)

.log_filter_data
                0x0000000020001ae0        0x0 load address 0x000000000001deac
                0x0000000020001ae0                __log_filter_data_start__ = .
 *(SORT_BY_NAME(.log_filter_data*))
                0x0000000020001ae0                __log_filter_data_end__ = (__log_filter_data_start__ + SIZEOF (.log_filter_data))
                0x0000000000000000                __log_filter_data_size__ = SIZEOF (.log_filter_data)
                0x000000000001deac                __log_filter_data_load_end__ = (__log_filter_data_load_start__ + SIZEOF (.log_filter_data))
                0x0000000000000001                . = ASSERT (((__log_filter_data_load_start__ == __log_filter_data_load_end__) || ((__log_filter_data_load_end__ - __FLASH_segment_start__) <= __FLASH_segment_size__)), error: .log_filter_data is too large to fit in FLASH memory segment)

.log_filter_data_run
                0x0000000020001ae0        0x0
                0x0000000020001ae0                __log_filter_data_run_start__ = .
                0x0000000020001ae0                __start_log_filter_data = __log_filter_data_run_start__
                0x0000000020001ae0                __log_filter_data_run_end__ = (__log_filter_data_run_start__ + SIZEOF (.log_filter_data))
                0x0000000000000000                __log_filter_data_run_size__ = (__log_filter_data_run_end__ - __log_filter_data_run_start__)
                0x0000000020001ae0                __stop_log_filter_data = __log_filter_data_run_end__
                0x0000000020001ae0                __log_filter_data_run_load_end__ = __log_filter_data_run_end__
                0x0000000000000001                . = ASSERT (((__log_filter_data_run_start__ == __log_filter_data_run_end__) || ((__log_filter_data_run_end__ - __RAM1_segment_start__) <= __RAM1_segment_size__)), error: .log_filter_data_run is too large to fit in RAM1 memory segment)
                0x0000000020001ae0                __nrf_sections_run_end_load_start__ = ALIGN (__log_filter_data_run_end__, 0x4)

.nrf_sections_run_end
                0x0000000020001ae0        0x0
                0x0000000020001ae0                __nrf_sections_run_end_start__ = .
                0x0000000020001ae0                __end_nrf_sections_run = __nrf_sections_run_end_start__
 *(.nrf_sections_run_end .nrf_sections_run_end.*)
                0x0000000020001ae0                __nrf_sections_run_end_end__ = (__nrf_sections_run_end_start__ + SIZEOF (.nrf_sections_run_end))
                0x0000000000000000                __nrf_sections_run_end_size__ = SIZEOF (.nrf_sections_run_end)
                0x0000000020001ae0                __nrf_sections_run_end_load_end__ = __nrf_sections_run_end_end__
                0x0000000000000001                . = ASSERT (((__nrf_sections_run_end_start__ == __nrf_sections_run_end_end__) || ((__nrf_sections_run_end_end__ - __RAM1_segment_start__) <= __RAM1_segment_size__)), error: .nrf_sections_run_end is too large to fit in RAM1 memory segment)
                0x000000000001deac                __dtors_load_start__ = ALIGN ((__log_filter_data_load_start__ + SIZEOF (.log_filter_data)), 0x4)

.dtors          0x000000000001deac        0x0
                0x000000000001deac                __dtors_start__ = .
 *(SORT_BY_NAME(.dtors.*))
 *(.dtors)
 *(.fini_array)
 *(SORT_BY_NAME(.fini_array.*))
                0x000000000001deac                __dtors_end__ = (__dtors_start__ + SIZEOF (.dtors))
                0x0000000000000000                __dtors_size__ = SIZEOF (.dtors)
                0x000000000001deac                __dtors_load_end__ = __dtors_end__
                0x0000000000000001                . = ASSERT (((__dtors_start__ == __dtors_end__) || ((__dtors_end__ - __FLASH_segment_start__) <= __FLASH_segment_size__)), error: .dtors is too large to fit in FLASH memory segment)
                0x000000000001deac                __ctors_load_start__ = ALIGN (__dtors_end__, 0x4)

.ctors          0x000000000001deac        0x0
                0x000000000001deac                __ctors_start__ = .
 *(SORT_BY_NAME(.ctors.*))
 *(.ctors)
 *(.init_array)
 *(SORT_BY_NAME(.init_array.*))
                0x000000000001deac                __ctors_end__ = (__ctors_start__ + SIZEOF (.ctors))
                0x0000000000000000                __ctors_size__ = SIZEOF (.ctors)
                0x000000000001deac                __ctors_load_end__ = __ctors_end__
                0x0000000000000001                . = ASSERT (((__ctors_start__ == __ctors_end__) || ((__ctors_end__ - __FLASH_segment_start__) <= __FLASH_segment_size__)), error: .ctors is too large to fit in FLASH memory segment)
                0x000000000001deac                __rodata_load_start__ = ALIGN (__ctors_end__, 0x4)

.rodata         0x000000000001deac      0xd66
                0x000000000001deac                __rodata_start__ = .
 *(.rodata .rodata.* .gnu.linkonce.r.*)
 .rodata        0x000000000001deac       0x20 Output/Release/Obj/ble_app_blinky_pca10040e_s112/nrf_log_backend_uart.o
 .rodata.nrf_log_backend_uart_api
                0x000000000001decc        0xc Output/Release/Obj/ble_app_blinky_pca10040e_s112/nrf_log_backend_uart.o
                0x000000000001decc                nrf_log_backend_uart_api
 .rodata.str1.1
                0x000000000001ded8       0x11 Output/Release/Obj/ble_app_blinky_pca10040e_s112/nrf_log_default_backends.o
 .rodata.nrf_log_frontend_dequeue.str1.1
                0x000000000001dee9       0x11 Output/Release/Obj/ble_app_blinky_pca10040e_s112/nrf_log_frontend.o
 .rodata.str1.1
                0x000000000001defa        0x4 Output/Release/Obj/ble_app_blinky_pca10040e_s112/nrf_log_frontend.o
 *fill*         0x000000000001defe        0x2 
 .rodata.m_log_push_ringbuf
                0x000000000001df00        0xc Output/Release/Obj/ble_app_blinky_pca10040e_s112/nrf_log_frontend.o
 .rodata.prefix_process.str1.1
                0x000000000001df0c       0x32 Output/Release/Obj/ble_app_blinky_pca10040e_s112/nrf_log_str_formatter.o
 .rodata.postfix_process.str1.1
                0x000000000001df3e       0x32 Output/Release/Obj/ble_app_blinky_pca10040e_s112/nrf_log_str_formatter.o
                                          0x3 (size before relaxing)
 .rodata.nrf_log_hexdump_entry_process.str1.1
                0x000000000001df3e        0xf Output/Release/Obj/ble_app_blinky_pca10040e_s112/nrf_log_str_formatter.o
                                         0x11 (size before relaxing)
 .rodata.str1.1
                0x000000000001df4d       0x4b Output/Release/Obj/ble_app_blinky_pca10040e_s112/nrf_log_str_formatter.o
                                         0x51 (size before relaxing)
 .rodata.m_colors
                0x000000000001df98       0x24 Output/Release/Obj/ble_app_blinky_pca10040e_s112/nrf_log_str_formatter.o
 .rodata.severity_names
                0x000000000001dfbc       0x14 Output/Release/Obj/ble_app_blinky_pca10040e_s112/nrf_log_str_formatter.o
 .rodata.str1.1
                0x000000000001dfd0        0xb Output/Release/Obj/ble_app_blinky_pca10040e_s112/app_button.o
 *fill*         0x000000000001dfdb        0x1 
 .rodata.m_detection_delay_timer_id
                0x000000000001dfdc        0x4 Output/Release/Obj/ble_app_blinky_pca10040e_s112/app_button.o
 .rodata.app_error_fault_handler.str1.1
                0x000000000001dfe0       0x19 Output/Release/Obj/ble_app_blinky_pca10040e_s112/app_error_weak.o
 .rodata.str1.1
                0x000000000001dff9        0xa Output/Release/Obj/ble_app_blinky_pca10040e_s112/app_timer2.o
 *fill*         0x000000000001e003        0x1 
 .rodata        0x000000000001e004        0x4 Output/Release/Obj/ble_app_blinky_pca10040e_s112/app_timer2.o
 .rodata.m_app_timer_sortlist
                0x000000000001e008        0xc Output/Release/Obj/ble_app_blinky_pca10040e_s112/app_timer2.o
 .rodata.drv_rtc_init.str1.1
                0x000000000001e014       0x34 Output/Release/Obj/ble_app_blinky_pca10040e_s112/drv_rtc.o
 *fill*         0x000000000001e048        0x8 
 .rodata.delay_machine_code.0
                0x000000000001e050        0x6 Output/Release/Obj/ble_app_blinky_pca10040e_s112/drv_rtc.o
 .rodata._aV2C.0
                0x000000000001e056       0x10 Output/Release/Obj/ble_app_blinky_pca10040e_s112/nrf_fprintf_format.o
 .rodata.str1.1
                0x000000000001e066        0x9 Output/Release/Obj/ble_app_blinky_pca10040e_s112/nrf_pwr_mgmt.o
 *fill*         0x000000000001e06f        0x1 
 .rodata.pwr_mgmt_data
                0x000000000001e070        0xc Output/Release/Obj/ble_app_blinky_pca10040e_s112/nrf_pwr_mgmt.o
 .rodata.str1.1
                0x000000000001e07c        0x9 Output/Release/Obj/ble_app_blinky_pca10040e_s112/nrf_sortlist.o
 .rodata.str1.1
                0x000000000001e085      0x3ba Output/Release/Obj/ble_app_blinky_pca10040e_s112/nrf_strerror.o
 .rodata.m_unknown_str
                0x000000000001e43f       0x13 Output/Release/Obj/ble_app_blinky_pca10040e_s112/nrf_strerror.o
 *fill*         0x000000000001e452        0x2 
 .rodata.nrf_strerror_array
                0x000000000001e454      0x128 Output/Release/Obj/ble_app_blinky_pca10040e_s112/nrf_strerror.o
 .rodata.CSWTCH.14
                0x000000000001e57c        0x4 Output/Release/Obj/ble_app_blinky_pca10040e_s112/system_nrf52810.o
 .rodata.CSWTCH.19
                0x000000000001e580        0x4 Output/Release/Obj/ble_app_blinky_pca10040e_s112/system_nrf52810.o
 .rodata.CSWTCH.4
                0x000000000001e584        0x4 Output/Release/Obj/ble_app_blinky_pca10040e_s112/system_nrf52810.o
 .rodata.m_board_led_list
                0x000000000001e588        0x4 Output/Release/Obj/ble_app_blinky_pca10040e_s112/boards.o
 .rodata.str1.1
                0x000000000001e58c        0x6 Output/Release/Obj/ble_app_blinky_pca10040e_s112/nrf_drv_clock.o
 .rodata.str1.1
                0x000000000001e592        0x6 Output/Release/Obj/ble_app_blinky_pca10040e_s112/nrfx_clock.o
 .rodata.str1.1
                0x000000000001e598        0x7 Output/Release/Obj/ble_app_blinky_pca10040e_s112/nrfx_gpiote.o
 .rodata.str1.1
                0x000000000001e59f        0x4 Output/Release/Obj/ble_app_blinky_pca10040e_s112/nrfx_prs.o
 .rodata.str1.1
                0x000000000001e5a3        0x5 Output/Release/Obj/ble_app_blinky_pca10040e_s112/nrfx_uart.o
 .rodata.str1.1
                0x000000000001e5a8        0x6 Output/Release/Obj/ble_app_blinky_pca10040e_s112/nrfx_uarte.o
 .rodata.ble_evt_handler.str1.1
                0x000000000001e5ae       0x17 Output/Release/Obj/ble_app_blinky_pca10040e_s112/main.o
 .rodata.button_event_handler.str1.1
                0x000000000001e5c5       0x1a Output/Release/Obj/ble_app_blinky_pca10040e_s112/main.o
 .rodata.led_write_handler.str1.1
                0x000000000001e5df       0x23 Output/Release/Obj/ble_app_blinky_pca10040e_s112/main.o
 .rodata.main.str1.1
                0x000000000001e602       0x26 Output/Release/Obj/ble_app_blinky_pca10040e_s112/main.o
 .rodata.advertising_init.str1.1
                0x000000000001e628       0x4e Output/Release/Obj/ble_app_blinky_pca10040e_s112/advertiser.o
 .rodata.advertising_start.str1.1
                0x000000000001e676       0x53 Output/Release/Obj/ble_app_blinky_pca10040e_s112/advertiser.o
 .rodata.nrf_ble_gatt_on_ble_evt.str1.1
                0x000000000001e6c9       0x60 Output/Release/Obj/ble_app_blinky_pca10040e_s112/nrf_ble_gatt.o
 .rodata.str1.1
                0x000000000001e729        0xd Output/Release/Obj/ble_app_blinky_pca10040e_s112/nrf_ble_gatt.o
 .rodata        0x000000000001e736       0x10 Output/Release/Obj/ble_app_blinky_pca10040e_s112/ble_lbs.o
 .rodata.str1.1
                0x000000000001e746        0x8 Output/Release/Obj/ble_app_blinky_pca10040e_s112/nrf_sdh.o
 .rodata        0x000000000001e74e        0x4 Output/Release/Obj/ble_app_blinky_pca10040e_s112/nrf_sdh.o
 *fill*         0x000000000001e752        0x2 
 .rodata.sdh_req_observers
                0x000000000001e754        0xc Output/Release/Obj/ble_app_blinky_pca10040e_s112/nrf_sdh.o